2024-11-29 23:55:19,896 - INFO - 打开FireFly url
2024-11-29 23:55:23,100 - INFO - 1ick2mfo4u@176468.xyz
2024-11-29 23:55:24,152 - INFO - 输入邮箱1ick2mfo4u@176468.xyz
2024-11-29 23:55:24,755 - INFO - 发送邮件
2024-11-29 23:55:24,798 - INFO - 输入密码
2024-11-29 23:55:24,833 - INFO - 再次输入密码
2024-11-29 23:55:24,833 - INFO - 等待邮件中,第00秒
2024-11-29 23:55:34,835 - INFO - 等待邮件中,第10秒
2024-11-29 23:55:44,838 - INFO - 等待邮件中,第20秒
2024-11-29 23:56:36,109 - INFO - 注册
2024-11-29 23:56:37,200 - INFO - {'data': {'token': '1520a9077cf976c388b2a6d7eb381873', 'is_admin': None, 'auth_data': 'eyJ0eXAiOiJKV1QiLCJhbGciOiJIUzI1NiJ9.eyJpZCI6MjkyODEsInNlc3Npb24iOiJjMGZmZDY3YWFjOGY0YjdmOWYyM2UzZjFhMGMyYTJlYSJ9.C0j0AuewrNV_tU7H30xxMBS1dg6D2PNv38fFDBgKi8U'}}
2024-11-29 23:56:37,203 - INFO - https://www.yhc1314dy.link/api/v1/client/subscribe?token=1520a9077cf976c388b2a6d7eb381873
2024-11-29 23:58:52,698 - INFO - 打开FireFly url
2024-11-29 23:58:56,029 - INFO - 6l6zibt8zf@176468.xyz
2024-11-29 23:58:58,244 - INFO - 输入邮箱6l6zibt8zf@176468.xyz
2024-11-29 23:58:58,754 - INFO - 发送邮件
2024-11-29 23:58:58,794 - INFO - 输入密码
2024-11-29 23:58:58,828 - INFO - 再次输入密码
2024-11-29 23:58:58,829 - INFO - 等待邮件中,第00秒
2024-11-29 23:59:08,836 - INFO - 等待邮件中,第10秒
2024-11-29 23:59:18,862 - INFO - 等待邮件中,第20秒
2024-11-30 00:00:07,544 - INFO - 注册
2024-11-30 00:00:08,501 - INFO - {'data': {'token': '450d4db68719fff4c9ac0b8d3bf224fe', 'is_admin': None, 'auth_data': 'eyJ0eXAiOiJKV1QiLCJhbGciOiJIUzI1NiJ9.eyJpZCI6MjkyODMsInNlc3Npb24iOiJjMTFmNjQ5ODI2ODAzNWRhNmQwZjA4OWE3MDhkMTg2YiJ9.ASKg0DqSvOFis39-fIK-Al6JEWlM-AQx86mQ0K5fXlY'}}
2024-11-30 00:00:08,501 - INFO - https://www.yhc1314dy.link/api/v1/client/subscribe?token=450d4db68719fff4c9ac0b8d3bf224fe
2024-11-30 04:10:23,215 - INFO - 打开FireFly url
2024-11-30 04:10:26,532 - INFO - dog7g0q7py@176468.xyz
2024-11-30 04:10:28,176 - INFO - 输入邮箱dog7g0q7py@176468.xyz
2024-11-30 04:10:28,657 - INFO - 发送邮件
2024-11-30 04:10:28,699 - INFO - 输入密码
2024-11-30 04:10:28,734 - INFO - 再次输入密码
2024-11-30 04:10:28,734 - INFO - 等待邮件中,第00秒
2024-11-30 04:10:38,767 - INFO - 等待邮件中,第10秒
2024-11-30 04:10:48,833 - INFO - 等待邮件中,第20秒
2024-11-30 04:11:35,116 - INFO - 注册
2024-11-30 04:11:35,955 - INFO - {'data': {'token': '706bd1896c4b11bdfdfb4522fbc207c3', 'is_admin': None, 'auth_data': 'eyJ0eXAiOiJKV1QiLCJhbGciOiJIUzI1NiJ9.eyJpZCI6MjkyODUsInNlc3Npb24iOiI5MmFiN2E2YzQ5NGZmODc2ZGNlZWQxMTg2OWY4YTYyNyJ9.qZGo9-3WRblj9pmAWjdzJZZXewWZFSGGduIBZy8sOgA'}}
2024-11-30 04:11:35,955 - INFO - https://www.yhc1314dy.link/api/v1/client/subscribe?token=706bd1896c4b11bdfdfb4522fbc207c3
2024-11-30 20:30:52,594 - INFO - 打开FireFly url
2024-11-30 20:30:56,197 - INFO - mphubccis5@176468.xyz
2024-11-30 20:30:59,612 - INFO - 输入邮箱mphubccis5@176468.xyz
2024-11-30 20:31:00,108 - INFO - 发送邮件
2024-11-30 20:31:00,324 - INFO - 输入密码
2024-11-30 20:31:00,513 - INFO - 再次输入密码
2024-11-30 20:31:00,513 - INFO - 等待邮件中,第00秒
2024-11-30 20:31:10,653 - INFO - 等待邮件中,第10秒
2024-11-30 20:31:20,698 - INFO - 等待邮件中,第20秒
2024-11-30 20:32:16,541 - INFO - 注册
2024-11-30 20:32:17,541 - INFO - {'data': {'token': 'e0a74af0c96b4baf71771117bf7b1e70', 'is_admin': None, 'auth_data': 'eyJ0eXAiOiJKV1QiLCJhbGciOiJIUzI1NiJ9.eyJpZCI6MjkyOTQsInNlc3Npb24iOiJkYWFjMWRkNDRhNjZjMDNlMWExYTA2NDkxNTg0YzE5YiJ9.gef-G3jZIBhC8vzy6NqLX94bVM694sBNZGE1E73LOmo'}}
2024-11-30 20:32:17,541 - INFO - https://www.yhc1314dy.link/api/v1/client/subscribe?token=e0a74af0c96b4baf71771117bf7b1e70
2024-12-01 09:39:03,496 - INFO - 打开FireFly url
2024-12-01 09:39:06,292 - INFO - van8tuuitc@176468.xyz
2024-12-01 09:39:07,064 - INFO - 输入邮箱van8tuuitc@176468.xyz
2024-12-01 09:39:07,602 - INFO - 发送邮件
2024-12-01 09:39:07,663 - INFO - 输入密码
2024-12-01 09:39:07,697 - INFO - 再次输入密码
2024-12-01 09:39:07,697 - INFO - 等待邮件中,第00秒
2024-12-01 09:39:17,735 - INFO - 等待邮件中,第10秒
2024-12-01 09:39:27,878 - INFO - 等待邮件中,第20秒
2024-12-01 09:40:09,535 - INFO - 注册
2024-12-01 09:40:10,328 - INFO - {'data': {'token': '0ee3dd4ebe1acc1852b5d4569fe4e437', 'is_admin': None, 'auth_data': 'eyJ0eXAiOiJKV1QiLCJhbGciOiJIUzI1NiJ9.eyJpZCI6MjkyOTksInNlc3Npb24iOiJhNjVjMmI5NGJmMDg1N2VlM2M1YmFmYjE0MTkwY2U2NCJ9.sLgBH1sL5wedM97-KuVftuWUhGf2NXpQwVt0ZSqyNSM'}}
2024-12-01 09:40:10,328 - INFO - https://www.yhc1314dy.link/api/v1/client/subscribe?token=0ee3dd4ebe1acc1852b5d4569fe4e437
2024-12-01 20:31:36,124 - INFO - 打开FireFly url
2024-12-01 20:31:38,688 - INFO - gpmw60s8ca@176468.xyz
2024-12-01 20:31:39,622 - INFO - 输入邮箱gpmw60s8ca@176468.xyz
2024-12-01 20:31:40,026 - INFO - 发送邮件
2024-12-01 20:31:40,074 - INFO - 输入密码
2024-12-01 20:31:40,125 - INFO - 再次输入密码
2024-12-01 20:31:40,125 - INFO - 等待邮件中,第00秒
2024-12-01 20:31:50,251 - INFO - 等待邮件中,第10秒
2024-12-01 20:32:00,399 - INFO - 等待邮件中,第20秒
2024-12-01 20:32:45,478 - INFO - 注册
2024-12-01 20:32:46,254 - INFO - {'data': {'token': '82cb8f925f99e7494b6971d9624a3909', 'is_admin': None, 'auth_data': 'eyJ0eXAiOiJKV1QiLCJhbGciOiJIUzI1NiJ9.eyJpZCI6MjkzMDQsInNlc3Npb24iOiIwMWI4ZDJiODMyYzNlOGQ0YjhkZTA0YmRhZmM0ODYzYSJ9.TEZdoE3RWaqsdDbli-G22j2zV1QY9MHoRaN3pziEjZw'}}
2024-12-01 20:32:46,254 - INFO - https://www.yhc1314dy.link/api/v1/client/subscribe?token=82cb8f925f99e7494b6971d9624a3909
2024-12-02 09:22:03,026 - INFO - 打开FireFly url
2024-12-02 09:22:05,995 - INFO - ii0kvq2zr4@176468.xyz
2024-12-02 09:22:06,804 - INFO - 输入邮箱ii0kvq2zr4@176468.xyz
2024-12-02 09:22:07,188 - INFO - 发送邮件
2024-12-02 09:22:07,251 - INFO - 输入密码
2024-12-02 09:22:07,289 - INFO - 再次输入密码
2024-12-02 09:22:07,289 - INFO - 等待邮件中,第00秒
2024-12-02 09:22:17,303 - INFO - 等待邮件中,第10秒
2024-12-02 09:22:27,412 - INFO - 等待邮件中,第20秒
2024-12-02 09:23:17,256 - INFO - 注册
2024-12-02 09:23:18,132 - INFO - {'data': {'token': '4c73c2d28f5e9c5bfd67c3b3c414f1ec', 'is_admin': None, 'auth_data': 'eyJ0eXAiOiJKV1QiLCJhbGciOiJIUzI1NiJ9.eyJpZCI6MjkzMTAsInNlc3Npb24iOiJmNjRhNjUwMzUxOTExZDQ4YmY4NzkwMjg3OWNlYTA1MyJ9.zfon7Ckx_GwNDxOuPd7R0WV4OjGZNtKgrzlK-QxiXSo'}}
2024-12-02 09:23:18,132 - INFO - https://www.yhc1314dy.link/api/v1/client/subscribe?token=4c73c2d28f5e9c5bfd67c3b3c414f1ec
2024-12-02 20:35:53,214 - INFO - 打开FireFly url
2024-12-02 20:35:56,029 - INFO - 1rnya8ptj5@176468.xyz
2024-12-02 20:35:57,202 - INFO - 输入邮箱1rnya8ptj5@176468.xyz
2024-12-02 20:35:57,521 - INFO - 发送邮件
2024-12-02 20:35:57,615 - INFO - 输入密码
2024-12-02 20:35:57,654 - INFO - 再次输入密码
2024-12-02 20:35:57,654 - INFO - 等待邮件中,第00秒
2024-12-02 20:36:07,797 - INFO - 等待邮件中,第10秒
2024-12-02 20:36:17,879 - INFO - 等待邮件中,第20秒
2024-12-02 20:37:02,664 - INFO - 注册
2024-12-02 20:37:03,433 - INFO - {'data': {'token': '4d3d8213f8444a2bde9d14f4a0b50a66', 'is_admin': None, 'auth_data': 'eyJ0eXAiOiJKV1QiLCJhbGciOiJIUzI1NiJ9.eyJpZCI6MjkzMTgsInNlc3Npb24iOiJhZDkxMjA3MWI0YmRkNjFkNThhNTAwNWNmZGMxMzViZCJ9.bWTkZIJIFpnM6BHYdXwT37HSHTuWrSI6iBOhXTTvU_8'}}
2024-12-02 20:37:03,434 - INFO - https://www.yhc1314dy.link/api/v1/client/subscribe?token=4d3d8213f8444a2bde9d14f4a0b50a66
2024-12-03 09:21:00,225 - INFO - 打开FireFly url
2024-12-03 09:21:01,096 - INFO - kzqhjezd1q@176468.xyz
2024-12-03 09:21:04,574 - INFO - 输入邮箱kzqhjezd1q@176468.xyz
2024-12-03 09:21:04,949 - INFO - 发送邮件
2024-12-03 09:21:04,996 - INFO - 输入密码
2024-12-03 09:21:05,032 - INFO - 再次输入密码
2024-12-03 09:21:05,032 - INFO - 等待邮件中,第00秒
2024-12-03 09:21:15,150 - INFO - 等待邮件中,第10秒
2024-12-03 09:21:25,282 - INFO - 等待邮件中,第20秒
2024-12-03 09:22:13,254 - INFO - 注册
2024-12-03 09:22:14,148 - INFO - {'data': {'token': '6186aa3a1f6af63ae1fbca065290809c', 'is_admin': None, 'auth_data': 'eyJ0eXAiOiJKV1QiLCJhbGciOiJIUzI1NiJ9.eyJpZCI6MjkzMjQsInNlc3Npb24iOiJkMzVjMzkxMTI0Y2IxNThhZGNlZDM5NjVmNzZjMmFlMSJ9.bV_TdRP-4rVcfnowzpBPRGAyYZJWGu_YPMTIwB3-npM'}}
2024-12-03 09:22:14,148 - INFO - https://www.yhc1314dy.link/api/v1/client/subscribe?token=6186aa3a1f6af63ae1fbca065290809c
2024-12-03 20:34:31,780 - INFO - 打开FireFly url
2024-12-03 20:34:34,922 - INFO - hiwj2ltn9k@176468.xyz
2024-12-03 20:34:35,502 - INFO - 输入邮箱hiwj2ltn9k@176468.xyz
2024-12-03 20:34:36,319 - INFO - 发送邮件
2024-12-03 20:34:36,359 - INFO - 输入密码
2024-12-03 20:34:36,391 - INFO - 再次输入密码
2024-12-03 20:34:36,391 - INFO - 等待邮件中,第00秒
2024-12-03 20:34:46,525 - INFO - 等待邮件中,第10秒
2024-12-03 20:34:56,665 - INFO - 等待邮件中,第20秒
2024-12-03 20:35:52,292 - INFO - 注册
2024-12-03 20:35:53,338 - INFO - {'data': {'token': 'b9641f5a44abdbeb5757008995a53f5a', 'is_admin': None, 'auth_data': 'eyJ0eXAiOiJKV1QiLCJhbGciOiJIUzI1NiJ9.eyJpZCI6MjkzMzQsInNlc3Npb24iOiI2NDA1ZDQ0NzEwMWQxY2Y4YTUyZDU0ZjE1ZThmYTNhZSJ9.qF1sFqNWSx8y7jnVw10F4mkVgDx5MAL2kLVKAsFOMkM'}}
2024-12-03 20:35:53,339 - INFO - https://www.yhc1314dy.link/api/v1/client/subscribe?token=b9641f5a44abdbeb5757008995a53f5a
2024-12-04 10:04:12,757 - INFO - 打开FireFly url
2024-12-04 10:04:15,773 - INFO - 1ijbuj8inf@176468.xyz
2024-12-04 10:04:16,119 - INFO - 输入邮箱1ijbuj8inf@176468.xyz
2024-12-04 10:04:16,408 - INFO - 发送邮件
2024-12-04 10:04:16,480 - INFO - 输入密码
2024-12-04 10:04:16,499 - INFO - 再次输入密码
2024-12-04 10:04:16,499 - INFO - 等待邮件中,第00秒
2024-12-04 10:04:26,517 - INFO - 等待邮件中,第10秒
2024-12-04 10:04:36,670 - INFO - 等待邮件中,第20秒
2024-12-04 10:05:33,470 - INFO - 注册
2024-12-04 10:05:34,513 - INFO - {'data': {'token': '1fa247e731c1fcd9fdfbc5ef664e54e2', 'is_admin': None, 'auth_data': 'eyJ0eXAiOiJKV1QiLCJhbGciOiJIUzI1NiJ9.eyJpZCI6MjkzNDMsInNlc3Npb24iOiJiMTVhN2Q3OTBjZmU0NTRkZjc2ZjJjOGEzNGM1MzQ3ZiJ9.hXVbWa4csfu5vS3mDjjtAO3Gv_c-xvPWj7vwoCsQmD8'}}
2024-12-04 10:05:34,513 - INFO - https://www.yhc1314dy.link/api/v1/client/subscribe?token=1fa247e731c1fcd9fdfbc5ef664e54e2
2024-12-04 20:34:56,098 - INFO - 打开FireFly url
2024-12-04 20:35:00,331 - INFO - txwe1p3e63@176468.xyz
2024-12-04 20:35:00,592 - INFO - 输入邮箱txwe1p3e63@176468.xyz
2024-12-04 20:35:01,162 - INFO - 发送邮件
2024-12-04 20:35:01,209 - INFO - 输入密码
2024-12-04 20:35:01,227 - INFO - 再次输入密码
2024-12-04 20:35:01,228 - INFO - 等待邮件中,第00秒
2024-12-04 20:35:11,314 - INFO - 等待邮件中,第10秒
2024-12-04 20:35:21,368 - INFO - 等待邮件中,第20秒
2024-12-04 20:36:09,820 - INFO - 注册
2024-12-04 20:36:10,877 - INFO - {'data': {'token': 'bf32fa6e3970e50bfd729bd89f997996', 'is_admin': None, 'auth_data': 'eyJ0eXAiOiJKV1QiLCJhbGciOiJIUzI1NiJ9.eyJpZCI6MjkzNTMsInNlc3Npb24iOiJiZDdiOWEzZjQxMzIzOGNhMzZhMWQ2MTdlN2MyZDBjMSJ9.TBqNAt3ZYuJGH-c_uiK4NMV1MPt5bvzd9wo_Wc8LLFY'}}
2024-12-04 20:36:10,877 - INFO - https://www.yhc1314dy.link/api/v1/client/subscribe?token=bf32fa6e3970e50bfd729bd89f997996
2024-12-05 09:20:59,397 - INFO - 打开FireFly url
2024-12-05 09:21:02,275 - INFO - u9a42pl9g6@176468.xyz
2024-12-05 09:21:02,568 - INFO - 输入邮箱u9a42pl9g6@176468.xyz
2024-12-05 09:21:02,899 - INFO - 发送邮件
2024-12-05 09:21:02,972 - INFO - 输入密码
2024-12-05 09:21:02,993 - INFO - 再次输入密码
2024-12-05 09:21:02,993 - INFO - 等待邮件中,第00秒
2024-12-05 09:21:13,078 - INFO - 等待邮件中,第10秒
2024-12-05 09:21:23,204 - INFO - 等待邮件中,第20秒
2024-12-05 09:22:14,907 - INFO - 注册
2024-12-05 09:22:15,833 - INFO - {'data': {'token': 'a8a851ae4793141218755e19eca06cef', 'is_admin': None, 'auth_data': 'eyJ0eXAiOiJKV1QiLCJhbGciOiJIUzI1NiJ9.eyJpZCI6MjkzNTgsInNlc3Npb24iOiIwYWFiYWEwNzBmMzYxM2NlMjI5YjBkNzM1NzEyYjZmYiJ9.mBSYOBdH_Mc3N9ULIONXciHCgK5qSCFXEwrcMKNmjdc'}}
2024-12-05 09:22:15,833 - INFO - https://www.yhc1314dy.link/api/v1/client/subscribe?token=a8a851ae4793141218755e19eca06cef
2024-12-05 20:34:53,901 - INFO - 打开FireFly url
2024-12-05 20:34:56,441 - INFO - x206uwozdo@176468.xyz
2024-12-05 20:34:56,698 - INFO - 输入邮箱x206uwozdo@176468.xyz
2024-12-05 20:34:57,157 - INFO - 发送邮件
2024-12-05 20:34:57,184 - INFO - 输入密码
2024-12-05 20:34:57,202 - INFO - 再次输入密码
2024-12-05 20:34:57,203 - INFO - 等待邮件中,第00秒
2024-12-05 20:35:07,345 - INFO - 等待邮件中,第10秒
2024-12-05 20:35:17,426 - INFO - 等待邮件中,第20秒
2024-12-05 20:36:26,612 - INFO - 注册
2024-12-05 20:36:27,619 - INFO - {'data': {'token': 'e5d15ff2eb2c92db6899d9b92ea7b5ad', 'is_admin': None, 'auth_data': 'eyJ0eXAiOiJKV1QiLCJhbGciOiJIUzI1NiJ9.eyJpZCI6MjkzNjMsInNlc3Npb24iOiJjOWRmOGNhZjRjYThiNmMwMGQxMDk0YTEwMGI5ZmYzYSJ9.gZQhhUTKg8PscYtJKay31awg257h3oPgXdLh-vQJcGY'}}
2024-12-05 20:36:27,619 - INFO - https://www.yhc1314dy.link/api/v1/client/subscribe?token=e5d15ff2eb2c92db6899d9b92ea7b5ad
2024-12-06 09:19:59,342 - INFO - 打开FireFly url
2024-12-06 09:20:02,581 - INFO - ua32mc0rtb@176468.xyz
2024-12-06 09:20:02,767 - INFO - 输入邮箱ua32mc0rtb@176468.xyz
2024-12-06 09:20:03,311 - INFO - 发送邮件
2024-12-06 09:20:03,332 - INFO - 输入密码
2024-12-06 09:20:03,349 - INFO - 再次输入密码
2024-12-06 09:20:03,349 - INFO - 等待邮件中,第00秒
2024-12-06 09:20:13,431 - INFO - 等待邮件中,第10秒
2024-12-06 09:20:23,484 - INFO - 等待邮件中,第20秒
2024-12-06 09:21:28,026 - INFO - 注册
2024-12-06 09:21:29,344 - INFO - {'data': {'token': '760b86d8746eb33d8c952efbe4e045ef', 'is_admin': None, 'auth_data': 'eyJ0eXAiOiJKV1QiLCJhbGciOiJIUzI1NiJ9.eyJpZCI6MjkzNjgsInNlc3Npb24iOiIzOTc2ZTc1ZTJhZDI1ZmY4MTIwZjQ0NjFkMTI0Y2FjZiJ9.wHFqA_DkQLzqnsIQNEEP06_hMJISJO4bI7UqZiomRL4'}}
2024-12-06 09:21:29,344 - INFO - https://www.yhc1314dy.link/api/v1/client/subscribe?token=760b86d8746eb33d8c952efbe4e045ef
2024-12-06 20:34:12,289 - INFO - 打开FireFly url
2024-12-06 20:34:15,091 - INFO - wxfyqz22m4@176468.xyz
2024-12-06 20:34:15,479 - INFO - 输入邮箱wxfyqz22m4@176468.xyz
2024-12-06 20:34:15,898 - INFO - 发送邮件
2024-12-06 20:34:15,930 - INFO - 输入密码
2024-12-06 20:34:15,952 - INFO - 再次输入密码
2024-12-06 20:34:15,952 - INFO - 等待邮件中,第00秒
2024-12-06 20:34:25,964 - INFO - 等待邮件中,第10秒
2024-12-06 20:34:36,047 - INFO - 等待邮件中,第20秒
2024-12-06 20:35:35,095 - INFO - 注册
2024-12-06 20:35:36,122 - INFO - {'data': {'token': '3aecea8146367899abd8ba0eff318069', 'is_admin': None, 'auth_data': 'eyJ0eXAiOiJKV1QiLCJhbGciOiJIUzI1NiJ9.eyJpZCI6MjkzNzUsInNlc3Npb24iOiI5MjQ4NTE2MjBkYWNkMmFjMzBkOGNiMDMzYjBjNGM3ZiJ9.z2Ljeanxf6Vvn2uR28eO30IY8mfn3nbXuhdWP6GSpl4'}}
2024-12-06 20:35:36,122 - INFO - https://www.yhc1314dy.link/api/v1/client/subscribe?token=3aecea8146367899abd8ba0eff318069
2024-12-07 09:19:37,628 - INFO - 打开FireFly url
2024-12-07 09:19:40,475 - INFO - 6fh76zl1nw@176468.xyz
2024-12-07 09:19:40,717 - INFO - 输入邮箱6fh76zl1nw@176468.xyz
2024-12-07 09:19:41,154 - INFO - 发送邮件
2024-12-07 09:19:41,177 - INFO - 输入密码
2024-12-07 09:19:41,194 - INFO - 再次输入密码
2024-12-07 09:19:41,194 - INFO - 等待邮件中,第00秒
2024-12-07 09:19:51,345 - INFO - 等待邮件中,第10秒
2024-12-07 09:20:01,399 - INFO - 等待邮件中,第20秒
2024-12-07 09:20:54,994 - INFO - 注册
2024-12-07 09:20:55,953 - INFO - {'data': {'token': '3dba2d43851c8e844755317ed677b2ab', 'is_admin': None, 'auth_data': 'eyJ0eXAiOiJKV1QiLCJhbGciOiJIUzI1NiJ9.eyJpZCI6MjkzODMsInNlc3Npb24iOiJiNzhmZmFiY2VhZWM3YzI5ZWQ0ZTFkZDNmMDQ2M2NmYiJ9.7zhmcFuJfvMmS5DD1kx9G8xIoEBkdV2y4GSFmRo69HM'}}
2024-12-07 09:20:55,953 - INFO - https://www.yhc1314dy.link/api/v1/client/subscribe?token=3dba2d43851c8e844755317ed677b2ab
2024-12-14 15:52:07,477 - INFO - 打开FireFly url
2024-12-14 15:52:11,090 - INFO - sy2vwcezjw@176468.xyz
2024-12-14 15:52:11,602 - INFO - 输入邮箱sy2vwcezjw@176468.xyz
2024-12-14 15:52:11,981 - INFO - 发送邮件
2024-12-14 15:52:12,058 - INFO - 输入密码
2024-12-14 15:52:12,076 - INFO - 再次输入密码
2024-12-14 15:52:12,076 - INFO - 等待邮件中,第00秒
2024-12-14 15:52:22,133 - INFO - 等待邮件中,第10秒
2024-12-14 15:52:32,195 - INFO - 等待邮件中,第20秒
2024-12-14 15:52:42,331 - INFO - 等待邮件中,第30秒
2024-12-14 15:54:11,470 - INFO - 注册
2024-12-14 15:54:12,788 - INFO - {'data': {'token': '1db6f2f7952b1fc14f6ad7bababd142e', 'is_admin': None, 'auth_data': 'eyJ0eXAiOiJKV1QiLCJhbGciOiJIUzI1NiJ9.eyJpZCI6Mjk0NTcsInNlc3Npb24iOiIxZjQyOTA3NjU3ZWZlZDUwNzE3ODEwY2FkZjk4ZThiNCJ9.ID-RfhYyYh_Z4grhdrEAsb32cV1WyK1UYTOiVTfQpko'}}
2024-12-14 15:54:12,788 - INFO - https://www.yhc1314dy.link/api/v1/client/subscribe?token=1db6f2f7952b1fc14f6ad7bababd142e
2024-12-19 13:40:32,649 - INFO - 打开FireFly url
2024-12-19 13:40:35,656 - INFO - 6wls4rtb22@176468.xyz
2024-12-19 13:40:36,048 - INFO - 输入邮箱6wls4rtb22@176468.xyz
2024-12-19 13:40:36,526 - INFO - 发送邮件
2024-12-19 13:40:36,547 - INFO - 输入密码
2024-12-19 13:40:36,563 - INFO - 再次输入密码
2024-12-19 13:40:36,563 - INFO - 等待邮件中,第00秒
2024-12-19 13:40:46,648 - INFO - 等待邮件中,第10秒
2024-12-19 13:40:56,694 - INFO - 等待邮件中,第20秒
2024-12-19 13:41:06,777 - INFO - 等待邮件中,第30秒
2024-12-19 13:42:49,551 - INFO - 注册
2024-12-19 13:42:50,629 - INFO - {'data': {'token': 'bfe3a3326d8a0f2d5bf4618978564bce', 'is_admin': None, 'auth_data': 'eyJ0eXAiOiJKV1QiLCJhbGciOiJIUzI1NiJ9.eyJpZCI6Mjk1MjAsInNlc3Npb24iOiIyNDI0NmMzNmNhMDc4NTMxNjRhMGE4ZjUyNjkwOWI0NSJ9.od6uGlULF6IqJBCH4x7MZ_uiJ5sDwDwvqImCWKAm_3w'}}
2024-12-19 13:42:50,629 - INFO - https://www.yhc1314dy.link/api/v1/client/subscribe?token=bfe3a3326d8a0f2d5bf4618978564bce
2024-12-26 13:46:45,636 - INFO - 打开FireFly url
2024-12-26 13:46:48,664 - INFO - 9qqe8gud8o@176468.xyz
2024-12-26 13:46:48,991 - INFO - 输入邮箱9qqe8gud8o@176468.xyz
2024-12-26 13:46:49,488 - INFO - 发送邮件
2024-12-26 13:46:49,557 - INFO - 输入密码
2024-12-26 13:46:49,604 - INFO - 再次输入密码
2024-12-26 13:46:49,605 - INFO - 等待邮件中,第00秒
2024-12-26 13:46:59,612 - INFO - 等待邮件中,第10秒
2024-12-26 13:47:09,719 - INFO - 等待邮件中,第20秒
2024-12-26 13:47:19,737 - INFO - 等待邮件中,第30秒
2024-12-26 13:49:14,927 - INFO - 注册
2024-12-26 13:49:16,105 - INFO - {'data': {'token': '275f824cfab53cdf3deec30ada6a4712', 'is_admin': None, 'auth_data': 'eyJ0eXAiOiJKV1QiLCJhbGciOiJIUzI1NiJ9.eyJpZCI6Mjk1OTQsInNlc3Npb24iOiI5MjE3YTBmMDc0ZWI4ZGJlYmNiZTk5ZWZlZGRiYjg4ZSJ9.5vIN8pf3xboM13-Hh5UC9jxPh_HY97t0U6UbdLIDgoU'}}
2024-12-26 13:49:16,105 - INFO - https://www.yhc1314dy.link/api/v1/client/subscribe?token=275f824cfab53cdf3deec30ada6a4712
2025-01-03 10:55:26,141 - INFO - 打开FireFly url
2025-01-03 10:55:29,250 - INFO - dvver2kb46@176468.xyz
2025-01-03 10:55:29,559 - INFO - 输入邮箱dvver2kb46@176468.xyz
2025-01-03 10:55:30,610 - INFO - 发送邮件
2025-01-03 10:55:30,754 - INFO - 输入密码
2025-01-03 10:55:30,878 - INFO - 再次输入密码
2025-01-03 10:55:30,878 - INFO - 等待邮件中,第00秒
2025-01-03 10:55:40,898 - INFO - 等待邮件中,第10秒
2025-01-03 10:55:51,021 - INFO - 等待邮件中,第20秒
2025-01-03 10:56:01,134 - INFO - 等待邮件中,第30秒
2025-01-03 10:57:51,694 - INFO - 注册
2025-01-03 10:57:52,855 - INFO - {'data': {'token': 'a587e9201f72c9656a938488b7db4c84', 'is_admin': None, 'auth_data': 'eyJ0eXAiOiJKV1QiLCJhbGciOiJIUzI1NiJ9.eyJpZCI6Mjk3MDIsInNlc3Npb24iOiI0NmVmYjgxZTQxMWI4ZTg5MzczNTUxMjQ3N2Q3YmI5MCJ9.PIfU0W0kTnh6PUKK9oYDDwfN3elqMHvvr72AQM7P1WU'}}
2025-01-03 10:57:52,855 - INFO - https://www.yhc1314dy.link/api/v1/client/subscribe?token=a587e9201f72c9656a938488b7db4c84
2025-01-09 14:25:59,149 - INFO - 打开FireFly url
2025-01-09 14:26:01,770 - INFO - k2xob3rcn1@176468.xyz
2025-01-09 14:26:02,102 - INFO - 输入邮箱k2xob3rcn1@176468.xyz
2025-01-09 14:26:02,539 - INFO - 发送邮件
2025-01-09 14:26:02,563 - INFO - 输入密码
2025-01-09 14:26:02,580 - INFO - 再次输入密码
2025-01-09 14:26:02,581 - INFO - 等待邮件中,第00秒
2025-01-09 14:26:12,701 - INFO - 等待邮件中,第10秒
2025-01-09 14:26:22,787 - INFO - 等待邮件中,第20秒
2025-01-09 14:26:32,934 - INFO - 等待邮件中,第30秒
2025-01-09 14:28:04,544 - INFO - 注册
2025-01-09 14:28:05,613 - INFO - {'data': {'token': 'bb65ceec8ffae475504e96ad1bb7f40d', 'is_admin': None, 'auth_data': 'eyJ0eXAiOiJKV1QiLCJhbGciOiJIUzI1NiJ9.eyJpZCI6Mjk3ODMsInNlc3Npb24iOiI3N2M2NDM1Nzk1NTY2OTdhOTdjMzI2MzhjMGY5NmM5NyJ9.MMAguG-cYCR2TDwbjLjnUZNtMh50alwbzvxSn_SQ2EM'}}
2025-01-09 14:28:05,614 - INFO - https://www.yhc1314dy.link/api/v1/client/subscribe?token=bb65ceec8ffae475504e96ad1bb7f40d
2025-01-16 18:44:35,971 - INFO - 打开FireFly url
2025-01-16 18:44:39,738 - INFO - hbhzw0elvc@176468.xyz
2025-01-16 18:44:40,054 - INFO - 输入邮箱hbhzw0elvc@176468.xyz
2025-01-16 18:44:40,551 - INFO - 发送邮件
2025-01-16 18:44:40,576 - INFO - 输入密码
2025-01-16 18:44:40,593 - INFO - 再次输入密码
2025-01-16 18:44:40,593 - INFO - 等待邮件中,第00秒
2025-01-16 18:44:50,703 - INFO - 等待邮件中,第10秒
2025-01-16 18:45:00,713 - INFO - 等待邮件中,第20秒
2025-01-16 18:45:10,822 - INFO - 等待邮件中,第30秒
2025-01-16 18:46:58,229 - INFO - 注册
2025-01-16 18:46:59,280 - INFO - {'data': {'token': '8919a384d4b13954ecf4d60d99426cb5', 'is_admin': None, 'auth_data': 'eyJ0eXAiOiJKV1QiLCJhbGciOiJIUzI1NiJ9.eyJpZCI6Mjk4NzQsInNlc3Npb24iOiJmMmFkNmZlYmYzMDY2OWIxNDgwMmJkYTU0YzRkNDIzZSJ9.MfEv5EhVv8XzLd2jRtyo8m3C0EYVtwI7gRHsFQlbe8A'}}
2025-01-16 18:46:59,280 - INFO - https://www.yhc1314dy.link/api/v1/client/subscribe?token=8919a384d4b13954ecf4d60d99426cb5
2025-01-23 14:25:34,229 - INFO - 打开FireFly url
2025-01-23 14:25:37,223 - INFO - yexuo7pl9b@176468.xyz
2025-01-23 14:25:37,499 - INFO - 输入邮箱yexuo7pl9b@176468.xyz
2025-01-23 14:25:37,875 - INFO - 发送邮件
2025-01-23 14:25:37,958 - INFO - 输入密码
2025-01-23 14:25:37,980 - INFO - 再次输入密码
2025-01-23 14:25:37,980 - INFO - 等待邮件中,第00秒
2025-01-23 14:25:48,082 - INFO - 等待邮件中,第10秒
2025-01-23 14:25:58,186 - INFO - 等待邮件中,第20秒
2025-01-23 14:26:08,339 - INFO - 等待邮件中,第30秒
2025-01-23 14:27:45,394 - INFO - 注册
2025-01-23 14:27:46,556 - INFO - {'data': {'token': '5a70f3f51d7a700f26ef5f69ec175d49', 'is_admin': None, 'auth_data': 'eyJ0eXAiOiJKV1QiLCJhbGciOiJIUzI1NiJ9.eyJpZCI6Mjk5NTksInNlc3Npb24iOiJjMDMwOTk3ZjgyMzQwYmE1YzUwODMyODgyMmViNTI0MyJ9.lRvq9D4cwSio6sZ0-9Ant4cV2u53OuDDMamnnrC_3Dk'}}
2025-01-23 14:27:46,557 - INFO - https://www.yhc1314dy.link/api/v1/client/subscribe?token=5a70f3f51d7a700f26ef5f69ec175d49
2025-01-30 19:14:21,170 - INFO - 打开FireFly url
2025-01-30 19:14:23,989 - INFO - 5dw0conyy3@176468.xyz
2025-01-30 19:14:24,195 - INFO - 输入邮箱5dw0conyy3@176468.xyz
2025-01-30 19:14:24,797 - INFO - 发送邮件
2025-01-30 19:14:24,871 - INFO - 输入密码
2025-01-30 19:14:24,886 - INFO - 再次输入密码
2025-01-30 19:14:24,886 - INFO - 等待邮件中,第00秒
2025-01-30 19:14:35,033 - INFO - 等待邮件中,第10秒
2025-01-30 19:14:45,105 - INFO - 等待邮件中,第20秒
2025-01-30 19:14:55,172 - INFO - 等待邮件中,第30秒
2025-01-30 19:15:05,254 - INFO - <class 'str'>
2025-01-30 19:15:06,472 - INFO - 连接网易服务器
2025-01-30 19:15:06,473 - INFO - 发送command命令
2025-01-30 19:15:06,918 - INFO - 登录邮箱服务器
2025-01-30 19:15:07,119 - INFO - 检查收件箱
2025-01-30 19:16:24,133 - INFO - 获取邮箱字节数据
2025-01-30 19:16:24,135 - INFO - =?utf-8?Q?FireFly=E9=82=AE=E7=AE=B1=E9=AA=8C=E8=AF=81=E7=A0=81?=
2025-01-30 19:16:24,139 - INFO - 352108
2025-01-30 19:16:24,142 - INFO - 352108
2025-01-30 19:16:24,761 - INFO - 注册
2025-01-30 19:16:25,856 - INFO - {'data': {'token': 'ea71824a11ab85fddfbc8e9586afde27', 'is_admin': None, 'auth_data': 'eyJ0eXAiOiJKV1QiLCJhbGciOiJIUzI1NiJ9.eyJpZCI6MzAwMzUsInNlc3Npb24iOiIyOGQ5ZjAzYjBjNGE2OWQ5ODAzYmUyOWQwYzA3ZDVkNyJ9.KKHak4z2pztxyhrGG-W7pt1w8Pz5rFwqUE3oUYpa8CQ'}}
2025-01-30 19:16:25,857 - INFO - https://www.yhc1314dy.link/api/v1/client/subscribe?token=ea71824a11ab85fddfbc8e9586afde27
2025-01-30 19:16:26,811 - INFO - <Response [200]>
2025-01-30 19:18:07,101 - INFO - 打开FireFly url
2025-01-30 19:18:10,321 - INFO - luwrzy585r@176468.xyz
2025-01-30 19:18:10,621 - INFO - 输入邮箱luwrzy585r@176468.xyz
2025-01-30 19:18:11,092 - INFO - 发送邮件
2025-01-30 19:18:11,187 - INFO - 输入密码
2025-01-30 19:18:11,224 - INFO - 再次输入密码
2025-01-30 19:18:11,225 - INFO - 等待邮件中,第00秒
2025-01-30 19:18:21,309 - INFO - 等待邮件中,第10秒
2025-01-30 19:18:31,389 - INFO - 等待邮件中,第20秒
2025-01-30 19:18:41,508 - INFO - 等待邮件中,第30秒
2025-01-30 19:18:51,636 - INFO - <class 'str'>
2025-01-30 19:18:52,656 - INFO - 连接网易服务器
2025-01-30 19:18:52,656 - INFO - 发送command命令
2025-01-30 19:18:53,090 - INFO - 登录邮箱服务器
2025-01-30 19:18:53,286 - INFO - 检查收件箱
2025-01-30 19:20:08,894 - INFO - 获取邮箱字节数据
2025-01-30 19:20:08,896 - INFO - =?utf-8?Q?FireFly=E9=82=AE=E7=AE=B1=E9=AA=8C=E8=AF=81=E7=A0=81?=
2025-01-30 19:20:08,901 - INFO - 765375
2025-01-30 19:20:08,908 - INFO - 765375
2025-01-30 19:20:09,445 - INFO - 注册
2025-01-30 19:20:10,516 - INFO - {'data': {'token': '5415768ae688d415c30edee45127ea17', 'is_admin': None, 'auth_data': 'eyJ0eXAiOiJKV1QiLCJhbGciOiJIUzI1NiJ9.eyJpZCI6MzAwMzYsInNlc3Npb24iOiJhYTE5OTAyMWEyYTA0ZjAyYTM5NDljNzc5YzIyN2EzNSJ9.rtvlCUBtYsrzCgaeRshViRNMUfWjdgjfMnLiVqJaGZs'}}
2025-01-30 19:20:10,517 - INFO - https://www.yhc1314dy.link/api/v1/client/subscribe?token=5415768ae688d415c30edee45127ea17
2025-01-30 19:20:11,474 - INFO - <Response [200]>
2025-01-30 21:35:05,232 - INFO - 打开FireFly url
2025-01-30 21:35:08,336 - INFO - t86dmori1f@176468.xyz
2025-01-30 21:35:09,067 - INFO - 输入邮箱t86dmori1f@176468.xyz
2025-01-30 21:35:09,528 - INFO - 发送邮件
2025-01-30 21:35:09,570 - INFO - 输入密码
2025-01-30 21:35:09,609 - INFO - 再次输入密码
2025-01-30 21:35:09,609 - INFO - 等待邮件中,第00秒
2025-01-30 21:35:19,639 - INFO - 等待邮件中,第10秒
2025-01-30 21:35:29,762 - INFO - 等待邮件中,第20秒
2025-01-30 21:35:39,814 - INFO - 等待邮件中,第30秒
2025-01-30 21:35:49,818 - INFO - <class 'str'>
2025-01-30 21:35:51,165 - INFO - 连接网易服务器
2025-01-30 21:35:51,165 - INFO - 发送command命令
2025-01-30 21:35:51,677 - INFO - 登录邮箱服务器
2025-01-30 21:35:51,909 - INFO - 检查收件箱
2025-01-30 21:37:32,725 - INFO - 获取邮箱字节数据
2025-01-30 21:37:32,727 - INFO - =?utf-8?Q?FireFly=E9=82=AE=E7=AE=B1=E9=AA=8C=E8=AF=81=E7=A0=81?=
2025-01-30 21:37:32,729 - INFO - 456962
2025-01-30 21:37:32,734 - INFO - 456962
2025-01-30 21:37:33,229 - INFO - 注册
2025-01-30 21:37:34,399 - INFO - {'data': {'token': '6d24bdfbbe4276876a3ca7568869bb75', 'is_admin': None, 'auth_data': 'eyJ0eXAiOiJKV1QiLCJhbGciOiJIUzI1NiJ9.eyJpZCI6MzAwMzgsInNlc3Npb24iOiJjN2Q4MDNmOWEyNjdhMDIwNmJhZjRmZmNkNmMwZWY0NiJ9.AEafC9PeIKRzcoEYaNQzv7fv9aayQTbo4v4mjJYXY7Q'}}
2025-01-30 21:37:34,399 - INFO - https://www.yhc1314dy.link/api/v1/client/subscribe?token=6d24bdfbbe4276876a3ca7568869bb75
2025-01-30 21:37:35,552 - INFO - <Response [200]>
2025-01-31 09:42:48,048 - INFO - 打开FireFly url
2025-01-31 09:42:51,197 - INFO - mnnu1klg4s@176468.xyz
2025-01-31 09:42:51,635 - INFO - 输入邮箱mnnu1klg4s@176468.xyz
2025-01-31 09:42:52,221 - INFO - 发送邮件
2025-01-31 09:42:52,330 - INFO - 输入密码
2025-01-31 09:42:52,358 - INFO - 再次输入密码
2025-01-31 09:42:52,358 - INFO - 等待邮件中,第00秒
2025-01-31 09:43:02,508 - INFO - 等待邮件中,第10秒
2025-01-31 09:43:12,514 - INFO - 等待邮件中,第20秒
2025-01-31 09:43:22,620 - INFO - 等待邮件中,第30秒
2025-01-31 09:43:32,709 - INFO - <class 'str'>
2025-01-31 09:43:34,009 - INFO - 连接网易服务器
2025-01-31 09:43:34,009 - INFO - 发送command命令
2025-01-31 09:43:34,500 - INFO - 登录邮箱服务器
2025-01-31 09:43:34,724 - INFO - 检查收件箱
2025-01-31 09:45:11,576 - INFO - 获取邮箱字节数据
2025-01-31 09:45:11,579 - INFO - =?utf-8?Q?FireFly=E9=82=AE=E7=AE=B1=E9=AA=8C=E8=AF=81=E7=A0=81?=
2025-01-31 09:45:11,583 - INFO - 874368
2025-01-31 09:45:11,587 - INFO - 874368
2025-01-31 09:45:12,073 - INFO - 注册
2025-01-31 09:45:13,205 - INFO - {'data': {'token': '7cf1e68cb389920898803fe2304eef37', 'is_admin': None, 'auth_data': 'eyJ0eXAiOiJKV1QiLCJhbGciOiJIUzI1NiJ9.eyJpZCI6MzAwNDUsInNlc3Npb24iOiIwMjI4Y2U5ZDkwMzI0YTM5NTgyYzhkMzhmMjI0ZDUyOCJ9.zGI6kc7elEmsU2RhSrxXqKk4oqA5ULTlFuz2TIg0TeI'}}
2025-01-31 09:45:13,206 - INFO - https://www.yhc1314dy.link/api/v1/client/subscribe?token=7cf1e68cb389920898803fe2304eef37
2025-01-31 09:45:14,272 - INFO - <Response [200]>
2025-02-06 14:27:03,771 - INFO - 打开FireFly url
2025-02-06 14:27:06,456 - INFO - 5ri391s2p6@176468.xyz
2025-02-06 14:27:06,727 - INFO - 输入邮箱5ri391s2p6@176468.xyz
2025-02-06 14:27:07,142 - INFO - 发送邮件
2025-02-06 14:27:07,260 - INFO - 输入密码
2025-02-06 14:27:07,312 - INFO - 再次输入密码
2025-02-06 14:27:07,312 - INFO - 等待邮件中,第00秒
2025-02-06 14:27:17,346 - INFO - 等待邮件中,第10秒
2025-02-06 14:27:27,363 - INFO - 等待邮件中,第20秒
2025-02-06 14:27:37,418 - INFO - 等待邮件中,第30秒
2025-02-06 14:27:47,494 - INFO - <class 'str'>
2025-02-06 14:27:48,626 - INFO - 连接网易服务器
2025-02-06 14:27:48,626 - INFO - 发送command命令
2025-02-06 14:27:49,027 - INFO - 登录邮箱服务器
2025-02-06 14:27:49,210 - INFO - 检查收件箱
2025-02-06 14:29:00,254 - INFO - 获取邮箱字节数据
2025-02-06 14:29:00,255 - INFO - =?utf-8?Q?FireFly=E9=82=AE=E7=AE=B1=E9=AA=8C=E8=AF=81=E7=A0=81?=
2025-02-06 14:29:00,257 - INFO - 465949
2025-02-06 14:29:00,260 - INFO - 465949
2025-02-06 14:29:00,689 - INFO - 注册
2025-02-06 14:29:01,726 - INFO - {'data': {'token': '4c019226d578878965b701690f75d535', 'is_admin': None, 'auth_data': 'eyJ0eXAiOiJKV1QiLCJhbGciOiJIUzI1NiJ9.eyJpZCI6MzAxMjAsInNlc3Npb24iOiJiZWUyOTUyMjcxYWYzZGM5NmRkYWFhMDFjNzc5NjE0MSJ9.hnpHAWMlkBnkn-mih2Vb-YHh9-tTK0tjLXCYoOlO7oY'}}
2025-02-06 14:29:01,726 - INFO - https://www.yhc1314dy.link/api/v1/client/subscribe?token=4c019226d578878965b701690f75d535
2025-02-06 14:29:02,703 - INFO - <Response [200]>
2025-02-13 14:27:52,715 - INFO - 打开FireFly url
2025-02-13 14:27:55,466 - INFO - ep6d530d2w@176468.xyz
2025-02-13 14:27:55,784 - INFO - 输入邮箱ep6d530d2w@176468.xyz
2025-02-13 14:27:56,341 - INFO - 发送邮件
2025-02-13 14:27:56,362 - INFO - 输入密码
2025-02-13 14:27:56,382 - INFO - 再次输入密码
2025-02-13 14:27:56,382 - INFO - 等待邮件中,第00秒
2025-02-13 14:28:06,446 - INFO - 等待邮件中,第10秒
2025-02-13 14:28:16,580 - INFO - 等待邮件中,第20秒
2025-02-13 14:28:26,690 - INFO - 等待邮件中,第30秒
2025-02-13 14:28:36,797 - INFO - <class 'str'>
2025-02-13 14:28:38,008 - INFO - 连接网易服务器
2025-02-13 14:28:38,009 - INFO - 发送command命令
2025-02-13 14:28:38,459 - INFO - 登录邮箱服务器
2025-02-13 14:28:38,658 - INFO - 检查收件箱
2025-02-13 14:29:58,634 - INFO - 获取邮箱字节数据
2025-02-13 14:29:58,636 - INFO - =?utf-8?Q?FireFly=E9=82=AE=E7=AE=B1=E9=AA=8C=E8=AF=81=E7=A0=81?=
2025-02-13 14:29:58,639 - INFO - 649587
2025-02-13 14:29:58,642 - INFO - 649587
2025-02-13 14:29:59,134 - INFO - 注册
2025-02-13 14:30:00,257 - INFO - {'data': {'token': '3f41e43d6337f621a8a8be2149fb8466', 'is_admin': None, 'auth_data': 'eyJ0eXAiOiJKV1QiLCJhbGciOiJIUzI1NiJ9.eyJpZCI6MzAyMDksInNlc3Npb24iOiJjMDIyMWVlMzE3NzQ2NjA2Yzk2NGZjOTc2MzE2NGY0NiJ9.7aAMU-2ylWJZgm0XYBKf_xfxMj18Xl5hHWJG9BHpKVs'}}
2025-02-13 14:30:00,258 - INFO - https://www.yhc1314dy.link/api/v1/client/subscribe?token=3f41e43d6337f621a8a8be2149fb8466
2025-02-13 14:30:01,270 - INFO - <Response [200]>
2025-02-20 14:26:23,849 - INFO - 打开FireFly url
2025-02-20 14:26:27,894 - INFO - tggh28oims@176468.xyz
2025-02-20 14:26:28,304 - INFO - 输入邮箱tggh28oims@176468.xyz
2025-02-20 14:26:28,698 - INFO - 发送邮件
2025-02-20 14:26:28,723 - INFO - 输入密码
2025-02-20 14:26:28,741 - INFO - 再次输入密码
2025-02-20 14:26:28,741 - INFO - 等待邮件中,第00秒
2025-02-20 14:26:38,878 - INFO - 等待邮件中,第10秒
2025-02-20 14:26:48,891 - INFO - 等待邮件中,第20秒
2025-02-20 14:26:58,936 - INFO - 等待邮件中,第30秒
2025-02-20 14:27:08,942 - INFO - <class 'str'>
2025-02-20 14:27:11,385 - INFO - 连接网易服务器
2025-02-20 14:27:11,385 - INFO - 发送command命令
2025-02-20 14:27:11,919 - INFO - 登录邮箱服务器
2025-02-20 14:27:12,160 - INFO - 检查收件箱
2025-02-20 14:28:35,126 - INFO - 获取邮箱字节数据
2025-02-20 14:28:35,127 - INFO - =?utf-8?Q?FireFly=E9=82=AE=E7=AE=B1=E9=AA=8C=E8=AF=81=E7=A0=81?=
2025-02-20 14:28:35,130 - INFO - 253756
2025-02-20 14:28:35,132 - INFO - 253756
2025-02-20 14:28:35,637 - INFO - 注册
2025-02-20 14:28:37,244 - INFO - {'data': {'token': 'c03c1233e85449631e171de8fb0ca87b', 'is_admin': None, 'auth_data': 'eyJ0eXAiOiJKV1QiLCJhbGciOiJIUzI1NiJ9.eyJpZCI6MzAyODIsInNlc3Npb24iOiIyYWRlNzg1ODc2YWZiODE3YjUwMjY2NDExMjMxOTcxZCJ9.zp4rbsoUh42fb9snfzHkHnPdyspB0gvwdvTTfmYbDEo'}}
2025-02-20 14:28:37,244 - INFO - https://www.yhc1314dy.link/api/v1/client/subscribe?token=c03c1233e85449631e171de8fb0ca87b
2025-02-20 14:28:39,176 - INFO - <Response [200]>
2025-03-19 11:56:09,214 - INFO - 打开FireFly url
2025-03-19 11:56:11,515 - INFO - qn18wu8pz0@176468.xyz
2025-03-19 11:56:12,297 - INFO - 输入邮箱qn18wu8pz0@176468.xyz
2025-03-19 11:56:12,671 - INFO - 发送邮件
2025-03-19 11:56:12,734 - INFO - 输入密码
2025-03-19 11:56:12,752 - INFO - 再次输入密码
2025-03-19 11:56:12,752 - INFO - 等待邮件中,第00秒
2025-03-19 11:56:22,843 - INFO - 等待邮件中,第10秒
2025-03-19 11:56:32,869 - INFO - 等待邮件中,第20秒
2025-03-19 11:56:42,940 - INFO - 等待邮件中,第30秒
2025-03-19 11:56:52,999 - INFO - <class 'str'>
2025-03-19 11:56:53,987 - INFO - 连接网易服务器
2025-03-19 11:56:53,988 - INFO - 发送command命令
2025-03-19 11:56:54,390 - INFO - 登录邮箱服务器
2025-03-19 11:56:54,574 - INFO - 检查收件箱
2025-03-19 11:57:55,550 - INFO - 获取邮箱字节数据
2025-03-19 11:57:55,551 - INFO - =?utf-8?Q?FireFly=E9=82=AE=E7=AE=B1=E9=AA=8C=E8=AF=81=E7=A0=81?=
2025-03-19 11:57:55,552 - INFO - 762375
2025-03-19 11:57:55,553 - INFO - 762375
2025-03-19 11:57:56,009 - INFO - 注册
2025-03-19 11:57:56,828 - INFO - {'data': {'token': '680659d05252b831d8b4344470b2a852', 'is_admin': None, 'auth_data': 'eyJ0eXAiOiJKV1QiLCJhbGciOiJIUzI1NiJ9.eyJpZCI6MzA2NzMsInNlc3Npb24iOiJiZmJjOGNkMzQ1YmI1NDczOWYyOGM4MGMyNGUwZjkxMCJ9.yw9kuWqtfW9CxLwWE0vg1l70ATwqmeNFmOvDS6BWQgo'}}
2025-03-19 11:57:56,828 - INFO - https://www.yhc1314dy.link/api/v1/client/subscribe?token=680659d05252b831d8b4344470b2a852
2025-03-19 11:57:57,621 - INFO - <Response [200]>
2025-03-20 14:13:47,551 - INFO - 打开FireFly url
2025-03-20 14:13:49,988 - INFO - v052v6qe97@176468.xyz
2025-03-20 14:13:50,290 - INFO - 输入邮箱v052v6qe97@176468.xyz
2025-03-20 14:13:50,719 - INFO - 发送邮件
2025-03-20 14:13:50,776 - INFO - 输入密码
2025-03-20 14:13:50,797 - INFO - 再次输入密码
2025-03-20 14:13:50,797 - INFO - 等待邮件中,第00秒
2025-03-20 14:14:00,845 - INFO - 等待邮件中,第10秒
2025-03-20 14:14:10,928 - INFO - 等待邮件中,第20秒
2025-03-20 14:14:20,972 - INFO - 等待邮件中,第30秒
2025-03-20 14:14:31,009 - INFO - <class 'str'>
2025-03-20 14:14:32,008 - INFO - 连接网易服务器
2025-03-20 14:14:32,008 - INFO - 发送command命令
2025-03-20 14:14:32,430 - INFO - 登录邮箱服务器
2025-03-20 14:14:32,610 - INFO - 检查收件箱
2025-03-20 14:15:39,090 - INFO - 获取邮箱字节数据
2025-03-20 14:15:39,091 - INFO - =?utf-8?Q?FireFly=E9=82=AE=E7=AE=B1=E9=AA=8C=E8=AF=81=E7=A0=81?=
2025-03-20 14:15:39,094 - INFO - 706193
2025-03-20 14:15:39,096 - INFO - 706193
2025-03-20 14:15:39,446 - INFO - 注册
2025-03-20 14:15:40,360 - INFO - {'data': {'token': 'a45af448ebeb091cbd636303e5e8e940', 'is_admin': None, 'auth_data': 'eyJ0eXAiOiJKV1QiLCJhbGciOiJIUzI1NiJ9.eyJpZCI6MzA2ODYsInNlc3Npb24iOiJiODRkMGY0ZTZjNDUwMmFjOTkxYWY3YzNjMjk5MzU4NCJ9.46YK60Lbgck7hT4LKDD67TZjLhmKbvpv-TKkfgzXDBg'}}
2025-03-20 14:15:40,360 - INFO - https://www.yhc1314dy.link/api/v1/client/subscribe?token=a45af448ebeb091cbd636303e5e8e940
2025-03-20 14:15:41,248 - INFO - <Response [200]>
2025-03-27 14:13:41,223 - INFO - 打开FireFly url
2025-03-27 14:13:43,540 - INFO - zc61ptjfl8@176468.xyz
2025-03-27 14:13:43,838 - INFO - 输入邮箱zc61ptjfl8@176468.xyz
2025-03-27 14:13:44,401 - INFO - 发送邮件
2025-03-27 14:13:44,441 - INFO - 输入密码
2025-03-27 14:13:44,480 - INFO - 再次输入密码
2025-03-27 14:13:44,480 - INFO - 等待邮件中,第00秒
2025-03-27 14:13:54,564 - INFO - 等待邮件中,第10秒
2025-03-27 14:14:04,659 - INFO - 等待邮件中,第20秒
2025-03-27 14:14:14,691 - INFO - 等待邮件中,第30秒
2025-03-27 14:14:24,748 - INFO - <class 'str'>
2025-03-27 14:14:25,726 - INFO - 连接网易服务器
2025-03-27 14:14:25,727 - INFO - 发送command命令
2025-03-27 14:14:26,184 - INFO - 登录邮箱服务器
2025-03-27 14:14:26,359 - INFO - 检查收件箱
2025-03-27 14:15:41,607 - INFO - 获取邮箱字节数据
2025-03-27 14:15:41,610 - INFO - =?utf-8?Q?FireFly=E9=82=AE=E7=AE=B1=E9=AA=8C=E8=AF=81=E7=A0=81?=
2025-03-27 14:15:41,613 - INFO - 560324
2025-03-27 14:15:41,617 - INFO - 560324
2025-03-27 14:15:42,124 - INFO - 注册
2025-03-27 14:15:43,058 - INFO - {'data': {'token': '45c02a8d97b8c845a5268407f9fcb6b2', 'is_admin': None, 'auth_data': 'eyJ0eXAiOiJKV1QiLCJhbGciOiJIUzI1NiJ9.eyJpZCI6MzA3NzEsInNlc3Npb24iOiI2Zjk0MDljMzllZTg1MWYyNTRiYTU1NWRlMmY5OGQ0MSJ9.GEG6XSt1YX-Tv-Gj3wNj_dLYhwV6nMFhFphVTjzHzgQ'}}
2025-03-27 14:15:43,058 - INFO - https://www.yhc1314dy.link/api/v1/client/subscribe?token=45c02a8d97b8c845a5268407f9fcb6b2
2025-03-27 14:15:43,943 - INFO - <Response [200]>
2025-04-03 14:14:21,988 - INFO - 打开FireFly url
2025-04-03 14:14:25,173 - INFO - 84i4b8e8zi@176468.xyz
2025-04-03 14:14:25,619 - INFO - 输入邮箱84i4b8e8zi@176468.xyz
2025-04-03 14:14:25,949 - INFO - 发送邮件
2025-04-03 14:14:26,016 - INFO - 输入密码
2025-04-03 14:14:26,037 - INFO - 再次输入密码
2025-04-03 14:14:26,037 - INFO - 等待邮件中,第00秒
2025-04-03 14:14:36,161 - INFO - 等待邮件中,第10秒
2025-04-03 14:14:46,285 - INFO - 等待邮件中,第20秒
2025-04-03 14:14:56,315 - INFO - 等待邮件中,第30秒
2025-04-03 14:15:06,321 - INFO - <class 'str'>
2025-04-03 14:15:07,850 - INFO - 连接网易服务器
2025-04-03 14:15:07,851 - INFO - 发送command命令
2025-04-03 14:15:08,383 - INFO - 登录邮箱服务器
2025-04-03 14:15:08,623 - INFO - 检查收件箱
2025-04-03 14:16:17,032 - INFO - 获取邮箱字节数据
2025-04-03 14:16:17,032 - INFO - =?utf-8?Q?FireFly=E9=82=AE=E7=AE=B1=E9=AA=8C=E8=AF=81=E7=A0=81?=
2025-04-03 14:16:17,033 - INFO - 854882
2025-04-03 14:16:17,033 - INFO - 854882
2025-04-03 14:16:17,504 - INFO - 注册
2025-04-03 14:16:18,736 - INFO - {'data': {'token': '48cc461b46bc41968b0f1ef27bfd2ae7', 'is_admin': None, 'auth_data': 'eyJ0eXAiOiJKV1QiLCJhbGciOiJIUzI1NiJ9.eyJpZCI6MzA4OTUsInNlc3Npb24iOiJlY2U3ZTY2NzY5NTUxYTg3Zjc0MTA2OTlmZDZkZjZhMSJ9.Wg6Jrfk7nnsFOcWtn_lAQ32IU8ePj0dmqF-rjXOHWSc'}}
2025-04-03 14:16:18,736 - INFO - https://www.yhc1314dy.link/api/v1/client/subscribe?token=48cc461b46bc41968b0f1ef27bfd2ae7
2025-04-03 14:16:19,893 - INFO - <Response [200]>
2025-04-10 10:22:32,402 - INFO - 打开FireFly url
2025-04-10 10:22:35,443 - INFO - nlax65jpbv@176468.xyz
2025-04-10 10:22:35,765 - INFO - 输入邮箱nlax65jpbv@176468.xyz
2025-04-10 10:22:36,283 - INFO - 发送邮件
2025-04-10 10:22:36,310 - INFO - 输入密码
2025-04-10 10:22:36,328 - INFO - 再次输入密码
2025-04-10 10:22:36,328 - INFO - 等待邮件中,第00秒
2025-04-10 10:22:46,382 - INFO - 等待邮件中,第10秒
2025-04-10 10:22:56,419 - INFO - 等待邮件中,第20秒
2025-04-10 10:23:06,543 - INFO - 等待邮件中,第30秒
2025-04-10 10:23:16,669 - INFO - <class 'str'>
2025-04-10 10:23:18,110 - INFO - 连接网易服务器
2025-04-10 10:23:18,110 - INFO - 发送command命令
2025-04-10 10:23:18,702 - INFO - 登录邮箱服务器
2025-04-10 10:23:18,944 - INFO - 检查收件箱
2025-04-10 10:24:22,859 - INFO - 获取邮箱字节数据
2025-04-10 10:24:22,863 - INFO - =?utf-8?Q?FireFly=E9=82=AE=E7=AE=B1=E9=AA=8C=E8=AF=81=E7=A0=81?=
2025-04-10 10:24:22,868 - INFO - 749832
2025-04-10 10:24:22,871 - INFO - 749832
2025-04-10 10:24:23,339 - INFO - 注册
2025-04-10 10:24:24,649 - INFO - {'data': {'token': '3ed88ba9086623339d466921b1c5e671', 'is_admin': None, 'auth_data': 'eyJ0eXAiOiJKV1QiLCJhbGciOiJIUzI1NiJ9.eyJpZCI6MzA5OTksInNlc3Npb24iOiJmMzZiYWMyMTIzZDY3YTgxNzRjYTg1ZTkxOWU0ZjhjMiJ9.wpr3dGa6BRz_nUFNg7qMYoaE6WzNbte5yYIdt43jNAo'}}
2025-04-10 10:24:24,649 - INFO - https://www.yhc1314dy.link/api/v1/client/subscribe?token=3ed88ba9086623339d466921b1c5e671
2025-04-10 10:24:25,725 - INFO - <Response [200]>
2025-04-11 09:27:10,595 - INFO - 打开FireFly url
2025-04-11 09:27:13,678 - INFO - a0nvyfo9yo@176468.xyz
2025-04-11 09:27:14,059 - INFO - 输入邮箱a0nvyfo9yo@176468.xyz
2025-04-11 09:27:14,452 - INFO - 发送邮件
2025-04-11 09:27:14,531 - INFO - 输入密码
2025-04-11 09:27:14,549 - INFO - 再次输入密码
2025-04-11 09:27:14,549 - INFO - 等待邮件中,第00秒
2025-04-11 09:27:24,703 - INFO - 等待邮件中,第10秒
2025-04-11 09:27:34,748 - INFO - 等待邮件中,第20秒
2025-04-11 09:27:44,780 - INFO - 等待邮件中,第30秒
2025-04-11 09:27:54,930 - INFO - <class 'str'>
2025-04-11 09:27:56,352 - INFO - 连接网易服务器
2025-04-11 09:27:56,352 - INFO - 发送command命令
2025-04-11 09:27:56,878 - INFO - 登录邮箱服务器
2025-04-11 09:27:57,114 - INFO - 检查收件箱
2025-04-11 09:29:02,242 - INFO - 获取邮箱字节数据
2025-04-11 09:29:02,243 - INFO - =?utf-8?Q?FireFly=E9=82=AE=E7=AE=B1=E9=AA=8C=E8=AF=81=E7=A0=81?=
2025-04-11 09:29:02,245 - INFO - 957328
2025-04-11 09:29:02,246 - INFO - 957328
2025-04-11 09:29:02,695 - INFO - 注册
2025-04-11 09:29:03,868 - INFO - {'data': {'token': 'd0b869512ecf65059d94652c2ba98fa2', 'is_admin': None, 'auth_data': 'eyJ0eXAiOiJKV1QiLCJhbGciOiJIUzI1NiJ9.eyJpZCI6MzEwMTIsInNlc3Npb24iOiI3MWIzYWY0YjlhNWYzOTQzZTZiODY4ZjA1Y2VmYWRhMiJ9.SRP4ebCuyOGX_1jVduN2C31lhz6b69y0LEpF6F3yl7I'}}
2025-04-11 09:29:03,868 - INFO - https://www.yhc1314dy.link/api/v1/client/subscribe?token=d0b869512ecf65059d94652c2ba98fa2
2025-04-11 09:29:04,986 - INFO - <Response [200]>
2025-04-13 10:54:22,145 - INFO - 打开FireFly url
2025-04-13 10:54:25,451 - INFO - tphys9w28h@176468.xyz
2025-04-13 10:54:25,800 - INFO - 输入邮箱tphys9w28h@176468.xyz
2025-04-13 10:54:26,429 - INFO - 发送邮件
2025-04-13 10:54:26,455 - INFO - 输入密码
2025-04-13 10:54:26,488 - INFO - 再次输入密码
2025-04-13 10:54:26,489 - INFO - 等待邮件中,第00秒
2025-04-13 10:54:36,539 - INFO - 等待邮件中,第10秒
2025-04-13 10:54:46,658 - INFO - 等待邮件中,第20秒
2025-04-13 10:54:56,718 - INFO - 等待邮件中,第30秒
2025-04-13 10:55:06,754 - INFO - <class 'str'>
2025-04-13 10:55:07,841 - INFO - 连接网易服务器
2025-04-13 10:55:07,841 - INFO - 发送command命令
2025-04-13 10:55:08,287 - INFO - 登录邮箱服务器
2025-04-13 10:55:08,485 - INFO - 检查收件箱
2025-04-13 10:56:00,647 - INFO - 获取邮箱字节数据
2025-04-13 10:56:00,648 - INFO - =?utf-8?Q?FireFly=E9=82=AE=E7=AE=B1=E9=AA=8C=E8=AF=81=E7=A0=81?=
2025-04-13 10:56:00,651 - INFO - 471556
2025-04-13 10:56:00,652 - INFO - 471556
2025-04-13 10:56:01,115 - INFO - 注册
2025-04-13 10:56:02,163 - INFO - {'data': {'token': '882fc07e676acbe33a0f5849662fdac2', 'is_admin': None, 'auth_data': 'eyJ0eXAiOiJKV1QiLCJhbGciOiJIUzI1NiJ9.eyJpZCI6MzEwMzksInNlc3Npb24iOiJiYmE2NTExZjI5NDNiZTQ4NzU5NTYzODUwZDY2NmJkMSJ9.wPcSQ195vK1lu2mrVm-JJWNYIJjnZ71sI9kt3nSlVDE'}}
2025-04-13 10:56:02,163 - INFO - https://www.yhc1314dy.link/api/v1/client/subscribe?token=882fc07e676acbe33a0f5849662fdac2
2025-04-13 10:56:03,232 - INFO - <Response [200]>
2025-04-15 09:37:37,717 - INFO - 打开FireFly url
2025-04-15 09:37:40,796 - INFO - 7gw33t9rd4@176468.xyz
2025-04-15 09:37:41,146 - INFO - 输入邮箱7gw33t9rd4@176468.xyz
2025-04-15 09:37:41,491 - INFO - 发送邮件
2025-04-15 09:37:41,570 - INFO - 输入密码
2025-04-15 09:37:41,589 - INFO - 再次输入密码
2025-04-15 09:37:41,589 - INFO - 等待邮件中,第00秒
2025-04-15 09:37:51,592 - INFO - 等待邮件中,第10秒
2025-04-15 09:38:01,645 - INFO - 等待邮件中,第20秒
2025-04-15 09:38:11,791 - INFO - 等待邮件中,第30秒
2025-04-15 09:38:21,859 - INFO - <class 'str'>
2025-04-15 09:38:23,405 - INFO - 连接网易服务器
2025-04-15 09:38:23,405 - INFO - 发送command命令
2025-04-15 09:38:23,915 - INFO - 登录邮箱服务器
2025-04-15 09:38:24,142 - INFO - 检查收件箱
2025-04-15 09:39:27,767 - INFO - 获取邮箱字节数据
2025-04-15 09:39:27,768 - INFO - =?utf-8?Q?FireFly=E9=82=AE=E7=AE=B1=E9=AA=8C=E8=AF=81=E7=A0=81?=
2025-04-15 09:39:27,771 - INFO - 762650
2025-04-15 09:39:27,772 - INFO - 762650
2025-04-15 09:39:28,340 - INFO - 注册
2025-04-15 09:39:29,660 - INFO - {'data': {'token': '87cb0a53fa558054f1d73384b239fae5', 'is_admin': None, 'auth_data': 'eyJ0eXAiOiJKV1QiLCJhbGciOiJIUzI1NiJ9.eyJpZCI6MzEwNjUsInNlc3Npb24iOiJlOWQ4NWYwYzkyNWZmNzM2YWEwMTcwYjc3ZTUxM2JhYyJ9.Wm8PEkt6Gtxr30dNFPpVaFbI8Rq-KrWDL6T7-qaMYBU'}}
2025-04-15 09:39:29,661 - INFO - https://www.yhc1314dy.link/api/v1/client/subscribe?token=87cb0a53fa558054f1d73384b239fae5
2025-04-15 09:39:30,738 - INFO - <Response [200]>
2025-04-17 09:27:42,976 - INFO - 打开FireFly url
2025-04-17 09:27:46,203 - INFO - l9javi6kbv@176468.xyz
2025-04-17 09:27:46,668 - INFO - 输入邮箱l9javi6kbv@176468.xyz
2025-04-17 09:27:47,206 - INFO - 发送邮件
2025-04-17 09:27:47,278 - INFO - 输入密码
2025-04-17 09:27:47,298 - INFO - 再次输入密码
2025-04-17 09:27:47,298 - INFO - 等待邮件中,第00秒
2025-04-17 09:27:57,343 - INFO - 等待邮件中,第10秒
2025-04-17 09:28:07,441 - INFO - 等待邮件中,第20秒
2025-04-17 09:28:17,446 - INFO - 等待邮件中,第30秒
2025-04-17 09:28:27,446 - INFO - <class 'str'>
2025-04-17 09:28:28,970 - INFO - 连接网易服务器
2025-04-17 09:28:28,970 - INFO - 发送command命令
2025-04-17 09:28:29,527 - INFO - 登录邮箱服务器
2025-04-17 09:28:29,763 - INFO - 检查收件箱
2025-04-17 09:29:32,351 - INFO - 获取邮箱字节数据
2025-04-17 09:29:32,352 - INFO - =?utf-8?Q?FireFly=E9=82=AE=E7=AE=B1=E9=AA=8C=E8=AF=81=E7=A0=81?=
2025-04-17 09:29:32,355 - INFO - 178577
2025-04-17 09:29:32,356 - INFO - 178577
2025-04-17 09:29:32,891 - INFO - 注册
2025-04-17 09:29:34,061 - INFO - {'data': {'token': '7f52bc0d3338578c7490dc3cb8a54c40', 'is_admin': None, 'auth_data': 'eyJ0eXAiOiJKV1QiLCJhbGciOiJIUzI1NiJ9.eyJpZCI6MzEwODcsInNlc3Npb24iOiI2OTFlMjAxOGQzZTgyNmFlNjAxZTkyNjE3NTk4YmNiZiJ9.pTPIx2JPfEmPvibYqpaz86NMPfvhetd5XM6D2ijQvIs'}}
2025-04-17 09:29:34,061 - INFO - https://www.yhc1314dy.link/api/v1/client/subscribe?token=7f52bc0d3338578c7490dc3cb8a54c40
2025-04-17 09:29:35,161 - INFO - <Response [200]>
2025-04-19 09:24:42,504 - INFO - 打开FireFly url
2025-04-19 09:24:44,982 - INFO - rwa09aoy1x@176468.xyz
2025-04-19 09:24:45,392 - INFO - 输入邮箱rwa09aoy1x@176468.xyz
2025-04-19 09:24:45,914 - INFO - 发送邮件
2025-04-19 09:24:46,016 - INFO - 输入密码
2025-04-19 09:24:46,166 - INFO - 再次输入密码
2025-04-19 09:24:46,166 - INFO - 等待邮件中,第00秒
2025-04-19 09:24:56,225 - INFO - 等待邮件中,第10秒
2025-04-19 09:25:06,337 - INFO - 等待邮件中,第20秒
2025-04-19 09:25:16,450 - INFO - 等待邮件中,第30秒
2025-04-19 09:25:26,540 - INFO - <class 'str'>
2025-04-19 09:25:27,721 - INFO - 连接网易服务器
2025-04-19 09:25:27,721 - INFO - 发送command命令
2025-04-19 09:25:28,149 - INFO - 登录邮箱服务器
2025-04-19 09:25:28,323 - INFO - 检查收件箱
2025-04-19 09:26:22,480 - INFO - 获取邮箱字节数据
2025-04-19 09:26:22,481 - INFO - =?utf-8?Q?FireFly=E9=82=AE=E7=AE=B1=E9=AA=8C=E8=AF=81=E7=A0=81?=
2025-04-19 09:26:22,483 - INFO - 429656
2025-04-19 09:26:22,484 - INFO - 429656
2025-04-19 09:26:22,870 - INFO - 注册
2025-04-19 09:26:23,875 - INFO - {'data': {'token': '24ba6131067edfdbccb54c56d27db719', 'is_admin': None, 'auth_data': 'eyJ0eXAiOiJKV1QiLCJhbGciOiJIUzI1NiJ9.eyJpZCI6MzExMTQsInNlc3Npb24iOiI4ODE4ZTZhN2E3NjYzNWNiMDJlNjE3MTlmZjg3MDc5NyJ9.yzjqhC4wKQG56PR0KTHuG3YlvVbvu9diLeFVS0__E2E'}}
2025-04-19 09:26:23,876 - INFO - https://www.yhc1314dy.link/api/v1/client/subscribe?token=24ba6131067edfdbccb54c56d27db719
2025-04-19 09:26:24,716 - INFO - <Response [200]>
2025-04-21 09:40:38,521 - INFO - 打开FireFly url
2025-04-21 09:40:41,614 - INFO - 6esiohozss@176468.xyz
2025-04-21 09:40:41,899 - INFO - 输入邮箱6esiohozss@176468.xyz
2025-04-21 09:40:42,481 - INFO - 发送邮件
2025-04-21 09:40:42,591 - INFO - 输入密码
2025-04-21 09:40:42,634 - INFO - 再次输入密码
2025-04-21 09:40:42,634 - INFO - 等待邮件中,第00秒
2025-04-21 09:40:52,647 - INFO - 等待邮件中,第10秒
2025-04-21 09:41:02,709 - INFO - 等待邮件中,第20秒
2025-04-21 09:41:12,734 - INFO - 等待邮件中,第30秒
2025-04-21 09:41:22,835 - INFO - <class 'str'>
2025-04-21 09:41:24,250 - INFO - 连接网易服务器
2025-04-21 09:41:24,251 - INFO - 发送command命令
2025-04-21 09:41:24,812 - INFO - 登录邮箱服务器
2025-04-21 09:41:25,045 - INFO - 检查收件箱
2025-04-21 09:42:44,064 - INFO - 获取邮箱字节数据
2025-04-21 09:42:44,065 - INFO - =?utf-8?Q?FireFly=E9=82=AE=E7=AE=B1=E9=AA=8C=E8=AF=81=E7=A0=81?=
2025-04-21 09:42:44,067 - INFO - 775270
2025-04-21 09:42:44,069 - INFO - 775270
2025-04-21 09:42:44,652 - INFO - 注册
2025-04-21 09:42:45,791 - INFO - {'data': {'token': 'ef19ac6e639d4dfaa2badf0ab4961baf', 'is_admin': None, 'auth_data': 'eyJ0eXAiOiJKV1QiLCJhbGciOiJIUzI1NiJ9.eyJpZCI6MzExMzQsInNlc3Npb24iOiI1N2YyMWU3YTBlNzU0MDdjOTM1N2ExMjQ5YTcxMDljZSJ9.S0HhZ1GsJNY3zWnR7N-8UP-MMI4_pqkFmXg1dQ28H3M'}}
2025-04-21 09:42:45,791 - INFO - https://www.yhc1314dy.link/api/v1/client/subscribe?token=ef19ac6e639d4dfaa2badf0ab4961baf
2025-04-21 09:42:46,820 - INFO - <Response [200]>
2025-04-23 09:36:53,040 - INFO - 打开FireFly url
2025-04-23 09:36:56,072 - INFO - 07i1w1dsy8@176468.xyz
2025-04-23 09:36:56,457 - INFO - 输入邮箱07i1w1dsy8@176468.xyz
2025-04-23 09:36:56,927 - INFO - 发送邮件
2025-04-23 09:36:57,005 - INFO - 输入密码
2025-04-23 09:36:57,027 - INFO - 再次输入密码
2025-04-23 09:36:57,027 - INFO - 等待邮件中,第00秒
2025-04-23 09:37:07,163 - INFO - 等待邮件中,第10秒
2025-04-23 09:37:17,220 - INFO - 等待邮件中,第20秒
2025-04-23 09:37:27,368 - INFO - 等待邮件中,第30秒
2025-04-23 09:37:37,481 - INFO - <class 'str'>
2025-04-23 09:37:38,945 - INFO - 连接网易服务器
2025-04-23 09:37:38,945 - INFO - 发送command命令
2025-04-23 09:37:39,398 - INFO - 登录邮箱服务器
2025-04-23 09:37:39,591 - INFO - 检查收件箱
2025-04-23 09:38:41,860 - INFO - 获取邮箱字节数据
2025-04-23 09:38:41,862 - INFO - =?utf-8?Q?FireFly=E9=82=AE=E7=AE=B1=E9=AA=8C=E8=AF=81=E7=A0=81?=
2025-04-23 09:38:41,866 - INFO - 206514
2025-04-23 09:38:41,869 - INFO - 206514
2025-04-23 09:38:42,292 - INFO - 注册
2025-04-23 09:38:43,625 - INFO - {'data': {'token': '8d52a83fc7c28ce134ea3505322fbc32', 'is_admin': None, 'auth_data': 'eyJ0eXAiOiJKV1QiLCJhbGciOiJIUzI1NiJ9.eyJpZCI6MzExNjAsInNlc3Npb24iOiJiYTA1OWRhNmNmMzhmZjJmOGFiMjg4YmIxNWEwOGNhNCJ9.hqtCYGKDi0qRiiX3vyNSgPnyKtalMIjGgt28-Crzk2A'}}
2025-04-23 09:38:43,626 - INFO - https://www.yhc1314dy.link/api/v1/client/subscribe?token=8d52a83fc7c28ce134ea3505322fbc32
2025-04-23 09:38:44,565 - INFO - <Response [200]>
2025-04-25 09:37:48,641 - INFO - 打开FireFly url
2025-04-25 09:37:51,728 - INFO - 4ar1pcikxb@176468.xyz
2025-04-25 09:37:52,067 - INFO - 输入邮箱4ar1pcikxb@176468.xyz
2025-04-25 09:37:52,827 - INFO - 发送邮件
2025-04-25 09:37:52,910 - INFO - 输入密码
2025-04-25 09:37:52,928 - INFO - 再次输入密码
2025-04-25 09:37:52,928 - INFO - 等待邮件中,第00秒
2025-04-25 09:38:03,076 - INFO - 等待邮件中,第10秒
2025-04-25 09:38:13,080 - INFO - 等待邮件中,第20秒
2025-04-25 09:38:23,154 - INFO - 等待邮件中,第30秒
2025-04-25 09:38:33,155 - INFO - <class 'str'>
2025-04-25 09:38:34,543 - INFO - 连接网易服务器
2025-04-25 09:38:34,544 - INFO - 发送command命令
2025-04-25 09:38:35,143 - INFO - 登录邮箱服务器
2025-04-25 09:38:35,380 - INFO - 检查收件箱
2025-04-25 09:39:54,997 - INFO - 获取邮箱字节数据
2025-04-25 09:39:54,999 - INFO - =?utf-8?Q?FireFly=E9=82=AE=E7=AE=B1=E9=AA=8C=E8=AF=81=E7=A0=81?=
2025-04-25 09:39:55,001 - INFO - 972787
2025-04-25 09:39:55,003 - INFO - 972787
2025-04-25 09:39:55,594 - INFO - 注册
2025-04-25 09:39:56,794 - INFO - {'data': {'token': '21b6de557abcd7e212138901e6c1b865', 'is_admin': None, 'auth_data': 'eyJ0eXAiOiJKV1QiLCJhbGciOiJIUzI1NiJ9.eyJpZCI6MzExODMsInNlc3Npb24iOiIxMmRiYjU4NGRkZGJjYTI5ZTI3OGUwMGEwZGI5MGJmNSJ9.c5mIdlOFe7kRBkc_jc1EFibCmNUvF8_6xqgVn7-dR4o'}}
2025-04-25 09:39:56,794 - INFO - https://www.yhc1314dy.link/api/v1/client/subscribe?token=21b6de557abcd7e212138901e6c1b865
2025-04-25 09:39:57,832 - INFO - <Response [200]>
2025-04-29 09:38:20,127 - INFO - 打开FireFly url
2025-04-29 09:38:23,177 - INFO - xv69nj2sna@176468.xyz
2025-04-29 09:38:23,658 - INFO - 输入邮箱xv69nj2sna@176468.xyz
2025-04-29 09:38:24,132 - INFO - 发送邮件
2025-04-29 09:38:24,151 - INFO - 输入密码
2025-04-29 09:38:24,199 - INFO - 再次输入密码
2025-04-29 09:38:24,199 - INFO - 等待邮件中,第00秒
2025-04-29 09:38:34,345 - INFO - 等待邮件中,第10秒
2025-04-29 09:38:44,487 - INFO - 等待邮件中,第20秒
2025-04-29 09:38:54,502 - INFO - 等待邮件中,第30秒
2025-04-29 09:39:04,556 - INFO - <class 'str'>
2025-04-29 09:39:06,270 - INFO - 连接网易服务器
2025-04-29 09:39:06,270 - INFO - 发送command命令
2025-04-29 09:39:06,823 - INFO - 登录邮箱服务器
2025-04-29 09:39:07,060 - INFO - 检查收件箱
2025-04-29 09:40:22,138 - INFO - 获取邮箱字节数据
2025-04-29 09:40:22,140 - INFO - =?utf-8?Q?FireFly=E9=82=AE=E7=AE=B1=E9=AA=8C=E8=AF=81=E7=A0=81?=
2025-04-29 09:40:22,142 - INFO - 493752
2025-04-29 09:40:22,145 - INFO - 493752
2025-04-29 09:40:22,561 - INFO - 注册
2025-04-29 09:40:23,745 - INFO - {'data': {'token': 'f0dfa84b08f957052166bd48f377b808', 'is_admin': None, 'auth_data': 'eyJ0eXAiOiJKV1QiLCJhbGciOiJIUzI1NiJ9.eyJpZCI6MzEyNDYsInNlc3Npb24iOiJkMTdlYmE3MWIwMzVlZDY5YzA0Zjg0MzFmNTE2MjZlZCJ9.bJARhf-FM-YDsGtXnW-vQFT2DW0XUwxARqvQUFCL960'}}
2025-04-29 09:40:23,746 - INFO - https://www.yhc1314dy.link/api/v1/client/subscribe?token=f0dfa84b08f957052166bd48f377b808
2025-04-29 09:40:24,821 - INFO - <Response [200]>
2025-05-01 09:45:45,809 - INFO - 打开FireFly url
2025-05-01 09:45:48,524 - INFO - 4p3jue39uo@176468.xyz
2025-05-01 09:45:48,840 - INFO - 输入邮箱4p3jue39uo@176468.xyz
2025-05-01 09:45:49,163 - INFO - 发送邮件
2025-05-01 09:45:49,192 - INFO - 输入密码
2025-05-01 09:45:49,209 - INFO - 再次输入密码
2025-05-01 09:45:49,210 - INFO - 等待邮件中,第00秒
2025-05-01 09:45:59,309 - INFO - 等待邮件中,第10秒
2025-05-01 09:46:09,456 - INFO - 等待邮件中,第20秒
2025-05-01 09:46:19,460 - INFO - 等待邮件中,第30秒
2025-05-01 09:46:29,502 - INFO - <class 'str'>
2025-05-01 09:46:30,748 - INFO - 连接网易服务器
2025-05-01 09:46:30,748 - INFO - 发送command命令
2025-05-01 09:46:31,222 - INFO - 登录邮箱服务器
2025-05-01 09:46:31,419 - INFO - 检查收件箱
2025-05-01 09:47:27,018 - INFO - 获取邮箱字节数据
2025-05-01 09:47:27,018 - INFO - =?utf-8?Q?FireFly=E9=82=AE=E7=AE=B1=E9=AA=8C=E8=AF=81=E7=A0=81?=
2025-05-01 09:47:27,020 - INFO - 671314
2025-05-01 09:47:27,021 - INFO - 671314
2025-05-01 09:47:27,582 - INFO - 注册
2025-05-01 09:47:28,615 - INFO - {'data': {'token': '9f47c9658c4f55c18e90eba204af6e68', 'is_admin': None, 'auth_data': 'eyJ0eXAiOiJKV1QiLCJhbGciOiJIUzI1NiJ9.eyJpZCI6MzEyNzUsInNlc3Npb24iOiJiNjRhN2VjYWI3YjI2ZmI2NjYxNjA0ZjAzZjdjOGQ3ZiJ9.Wm49S8q2ohsbL-SjfwwF-TAOav-IDQtsPZ1Ld6EvPAI'}}
2025-05-01 09:47:28,615 - INFO - https://www.yhc1314dy.link/api/v1/client/subscribe?token=9f47c9658c4f55c18e90eba204af6e68
2025-05-01 09:47:29,654 - INFO - <Response [200]>
2025-05-03 09:27:49,808 - INFO - 打开FireFly url
2025-05-03 09:27:52,446 - INFO - jj21zwrpoy@176468.xyz
2025-05-03 09:27:52,751 - INFO - 输入邮箱jj21zwrpoy@176468.xyz
2025-05-03 09:27:53,330 - INFO - 发送邮件
2025-05-03 09:27:53,359 - INFO - 输入密码
2025-05-03 09:27:53,378 - INFO - 再次输入密码
2025-05-03 09:27:53,378 - INFO - 等待邮件中,第00秒
2025-05-03 09:28:03,528 - INFO - 等待邮件中,第10秒
2025-05-03 09:28:13,585 - INFO - 等待邮件中,第20秒
2025-05-03 09:28:23,746 - INFO - 等待邮件中,第30秒
2025-05-03 09:28:33,782 - INFO - <class 'str'>
2025-05-03 09:28:35,237 - INFO - 连接网易服务器
2025-05-03 09:28:35,237 - INFO - 发送command命令
2025-05-03 09:28:35,706 - INFO - 登录邮箱服务器
2025-05-03 09:28:35,900 - INFO - 检查收件箱
2025-05-03 09:29:30,352 - INFO - 获取邮箱字节数据
2025-05-03 09:29:30,353 - INFO - =?utf-8?Q?FireFly=E9=82=AE=E7=AE=B1=E9=AA=8C=E8=AF=81=E7=A0=81?=
2025-05-03 09:29:30,354 - INFO - 975851
2025-05-03 09:29:30,355 - INFO - 975851
2025-05-03 09:29:30,930 - INFO - 注册
2025-05-03 09:29:31,940 - INFO - {'data': {'token': '5da3d5bf2f93f0ddb61f4de6ebbea660', 'is_admin': None, 'auth_data': 'eyJ0eXAiOiJKV1QiLCJhbGciOiJIUzI1NiJ9.eyJpZCI6MzEzMjYsInNlc3Npb24iOiJhYjJkNGQyMTg0ZTNlZTY2NzY5YTA3ZTcxZmM1MjZkYyJ9.h4ptL8tLyI1C8blEQC-cb2SBbdgHAp_qucOrHY6S3Ks'}}
2025-05-03 09:29:31,940 - INFO - https://www.yhc1314dy.link/api/v1/client/subscribe?token=5da3d5bf2f93f0ddb61f4de6ebbea660
2025-05-03 09:29:32,960 - INFO - <Response [200]>
2025-05-05 09:42:11,192 - INFO - 打开FireFly url
2025-05-05 09:42:14,239 - INFO - r5y0jekla0@176468.xyz
2025-05-05 09:42:14,709 - INFO - 输入邮箱r5y0jekla0@176468.xyz
2025-05-05 09:42:15,052 - INFO - 发送邮件
2025-05-05 09:42:15,081 - INFO - 输入密码
2025-05-05 09:42:15,151 - INFO - 再次输入密码
2025-05-05 09:42:15,151 - INFO - 等待邮件中,第00秒
2025-05-05 09:42:25,246 - INFO - 等待邮件中,第10秒
2025-05-05 09:42:35,274 - INFO - 等待邮件中,第20秒
2025-05-05 09:42:45,424 - INFO - 等待邮件中,第30秒
2025-05-05 09:42:55,445 - INFO - <class 'str'>
2025-05-05 09:42:56,988 - INFO - 连接网易服务器
2025-05-05 09:42:56,989 - INFO - 发送command命令
2025-05-05 09:42:57,539 - INFO - 登录邮箱服务器
2025-05-05 09:42:57,767 - INFO - 检查收件箱
2025-05-05 09:43:58,070 - INFO - 获取邮箱字节数据
2025-05-05 09:43:58,072 - INFO - =?utf-8?Q?FireFly=E9=82=AE=E7=AE=B1=E9=AA=8C=E8=AF=81=E7=A0=81?=
2025-05-05 09:43:58,077 - INFO - 566693
2025-05-05 09:43:58,079 - INFO - 566693
2025-05-05 09:43:58,469 - INFO - 注册
2025-05-05 09:43:59,554 - INFO - {'data': {'token': '3a5218068752037337d0e6d4cce7c5a5', 'is_admin': None, 'auth_data': 'eyJ0eXAiOiJKV1QiLCJhbGciOiJIUzI1NiJ9.eyJpZCI6MzEzNTIsInNlc3Npb24iOiJiOGU3NWEyZDM5YjdjZjQ1MmRiNmFiNmM5ZjM3MzVmMyJ9.ZGSvhxGlTCYBDATMLu_PIuTbje00oYznaLKZnIgaA7k'}}
2025-05-05 09:43:59,554 - INFO - https://www.yhc1314dy.link/api/v1/client/subscribe?token=3a5218068752037337d0e6d4cce7c5a5
2025-05-05 09:44:00,639 - INFO - <Response [200]>
2025-05-07 09:39:42,583 - INFO - 打开FireFly url
2025-05-07 09:39:45,868 - INFO - yztiaesldq@176468.xyz
2025-05-07 09:39:46,402 - INFO - 输入邮箱yztiaesldq@176468.xyz
2025-05-07 09:39:46,731 - INFO - 发送邮件
2025-05-07 09:39:46,759 - INFO - 输入密码
2025-05-07 09:39:46,817 - INFO - 再次输入密码
2025-05-07 09:39:46,817 - INFO - 等待邮件中,第00秒
2025-05-07 09:39:56,978 - INFO - 等待邮件中,第10秒
2025-05-07 09:40:07,105 - INFO - 等待邮件中,第20秒
2025-05-07 09:40:17,225 - INFO - 等待邮件中,第30秒
2025-05-07 09:40:27,235 - INFO - <class 'str'>
2025-05-07 09:40:28,692 - INFO - 连接网易服务器
2025-05-07 09:40:28,693 - INFO - 发送command命令
2025-05-07 09:40:29,250 - INFO - 登录邮箱服务器
2025-05-07 09:40:29,488 - INFO - 检查收件箱
2025-05-07 09:41:31,880 - INFO - 获取邮箱字节数据
2025-05-07 09:41:31,881 - INFO - =?utf-8?Q?FireFly=E9=82=AE=E7=AE=B1=E9=AA=8C=E8=AF=81=E7=A0=81?=
2025-05-07 09:41:31,883 - INFO - 273093
2025-05-07 09:41:31,884 - INFO - 273093
2025-05-07 09:41:32,442 - INFO - 注册
2025-05-07 09:41:33,662 - INFO - {'data': {'token': 'aa5da596f399824f1138342f368bddb7', 'is_admin': None, 'auth_data': 'eyJ0eXAiOiJKV1QiLCJhbGciOiJIUzI1NiJ9.eyJpZCI6MzEzODIsInNlc3Npb24iOiI1M2JhYWE1NDNhZjk2YmY3NGE5YzRmNDRiZTViOWE1MSJ9.BdpOu0UtYDnz3UKS0F41z87nGcKlWK7IHxjkgPwbZFQ'}}
2025-05-07 09:41:33,662 - INFO - https://www.yhc1314dy.link/api/v1/client/subscribe?token=aa5da596f399824f1138342f368bddb7
2025-05-07 09:41:34,833 - INFO - <Response [200]>
2025-05-09 09:39:28,845 - INFO - 打开FireFly url
2025-05-09 09:39:31,946 - INFO - 6br8jehj8l@176468.xyz
2025-05-09 09:39:32,626 - INFO - 输入邮箱6br8jehj8l@176468.xyz
2025-05-09 09:39:33,159 - INFO - 发送邮件
2025-05-09 09:39:33,185 - INFO - 输入密码
2025-05-09 09:39:33,206 - INFO - 再次输入密码
2025-05-09 09:39:33,206 - INFO - 等待邮件中,第00秒
2025-05-09 09:39:43,307 - INFO - 等待邮件中,第10秒
2025-05-09 09:39:53,343 - INFO - 等待邮件中,第20秒
2025-05-09 09:40:03,438 - INFO - 等待邮件中,第30秒
2025-05-09 09:40:13,557 - INFO - <class 'str'>
2025-05-09 09:40:14,851 - INFO - 连接网易服务器
2025-05-09 09:40:14,852 - INFO - 发送command命令
2025-05-09 09:40:15,351 - INFO - 登录邮箱服务器
2025-05-09 09:40:15,563 - INFO - 检查收件箱
2025-05-09 09:41:11,010 - INFO - 获取邮箱字节数据
2025-05-09 09:41:11,011 - INFO - =?utf-8?Q?FireFly=E9=82=AE=E7=AE=B1=E9=AA=8C=E8=AF=81=E7=A0=81?=
2025-05-09 09:41:11,014 - INFO - 993804
2025-05-09 09:41:11,016 - INFO - 993804
2025-05-09 09:41:11,500 - INFO - 注册
2025-05-09 09:41:12,834 - INFO - {'data': {'token': 'd0fc956ac300108c61ddc813f1fbcdb2', 'is_admin': None, 'auth_data': 'eyJ0eXAiOiJKV1QiLCJhbGciOiJIUzI1NiJ9.eyJpZCI6MzE0MTIsInNlc3Npb24iOiIyMTA2NjFhZDY4OTc4ZjM3YzZkZTBiNWNiY2E0MWI3ZCJ9.XMW9WUCAcpLXosj8770z_PeENAHujHLOqeezpIVNV6w'}}
2025-05-09 09:41:12,834 - INFO - https://www.yhc1314dy.link/api/v1/client/subscribe?token=d0fc956ac300108c61ddc813f1fbcdb2
2025-05-09 09:41:13,799 - INFO - <Response [200]>
2025-05-11 09:44:25,941 - INFO - 打开FireFly url
2025-05-11 09:44:29,074 - INFO - a7bylu33cx@176468.xyz
2025-05-11 09:44:29,432 - INFO - 输入邮箱a7bylu33cx@176468.xyz
2025-05-11 09:44:29,794 - INFO - 发送邮件
2025-05-11 09:44:29,877 - INFO - 输入密码
2025-05-11 09:44:29,896 - INFO - 再次输入密码
2025-05-11 09:44:29,897 - INFO - 等待邮件中,第00秒
2025-05-11 09:44:39,951 - INFO - 等待邮件中,第10秒
2025-05-11 09:44:49,959 - INFO - 等待邮件中,第20秒
2025-05-11 09:44:59,970 - INFO - 等待邮件中,第30秒
2025-05-11 09:45:09,976 - INFO - <class 'str'>
2025-05-11 09:45:11,266 - INFO - 连接网易服务器
2025-05-11 09:45:11,266 - INFO - 发送command命令
2025-05-11 09:45:11,805 - INFO - 登录邮箱服务器
2025-05-11 09:45:12,033 - INFO - 检查收件箱
2025-05-11 09:46:14,351 - INFO - 获取邮箱字节数据
2025-05-11 09:46:14,354 - INFO - =?utf-8?Q?FireFly=E9=82=AE=E7=AE=B1=E9=AA=8C=E8=AF=81=E7=A0=81?=
2025-05-11 09:46:14,356 - INFO - 631547
2025-05-11 09:46:14,359 - INFO - 631547
2025-05-11 09:46:14,761 - INFO - 注册
2025-05-11 09:46:15,900 - INFO - {'data': {'token': '9b3ab5ca9b88de54f18e5906e51b7fb1', 'is_admin': None, 'auth_data': 'eyJ0eXAiOiJKV1QiLCJhbGciOiJIUzI1NiJ9.eyJpZCI6MzE0NjAsInNlc3Npb24iOiIzMDIxMmNjMTBhMGRhNDFkYjIxNmE1NTYyYmJmYTVkZiJ9.dEM7TuzwSPUFDBBFa2vb_VMEXQr9zTJsS7gwshQB0IM'}}
2025-05-11 09:46:15,900 - INFO - https://www.yhc1314dy.link/api/v1/client/subscribe?token=9b3ab5ca9b88de54f18e5906e51b7fb1
2025-05-11 09:46:16,933 - INFO - <Response [200]>
2025-05-13 09:40:46,317 - INFO - 打开FireFly url
2025-05-13 09:40:49,504 - INFO - y1k3apdz5e@176468.xyz
2025-05-13 09:40:49,848 - INFO - 输入邮箱y1k3apdz5e@176468.xyz
2025-05-13 09:40:50,346 - INFO - 发送邮件
2025-05-13 09:40:50,369 - INFO - 输入密码
2025-05-13 09:40:50,386 - INFO - 再次输入密码
2025-05-13 09:40:50,387 - INFO - 等待邮件中,第00秒
2025-05-13 09:41:00,505 - INFO - 等待邮件中,第10秒
2025-05-13 09:41:10,624 - INFO - 等待邮件中,第20秒
2025-05-13 09:41:20,777 - INFO - 等待邮件中,第30秒
2025-05-13 09:41:30,878 - INFO - <class 'str'>
2025-05-13 09:41:32,151 - INFO - 连接网易服务器
2025-05-13 09:41:32,151 - INFO - 发送command命令
2025-05-13 09:41:32,681 - INFO - 登录邮箱服务器
2025-05-13 09:41:32,900 - INFO - 检查收件箱
2025-05-13 09:42:37,242 - INFO - 获取邮箱字节数据
2025-05-13 09:42:37,243 - INFO - =?utf-8?Q?FireFly=E9=82=AE=E7=AE=B1=E9=AA=8C=E8=AF=81=E7=A0=81?=
2025-05-13 09:42:37,246 - INFO - 602477
2025-05-13 09:42:37,247 - INFO - 602477
2025-05-13 09:42:37,728 - INFO - 注册
2025-05-13 09:42:38,924 - INFO - {'data': {'token': 'b4815c278417c78052a1d82844caa71f', 'is_admin': None, 'auth_data': 'eyJ0eXAiOiJKV1QiLCJhbGciOiJIUzI1NiJ9.eyJpZCI6MzE0ODcsInNlc3Npb24iOiJhYmQ2NmYyNjIwMGMxZDdjMjNiZWJmZTcyYTQwNjczNCJ9.Cypj1AcGo5QlAK4fbJT2Zsa5RU_m4TO661UeIayk9bY'}}
2025-05-13 09:42:38,925 - INFO - https://www.yhc1314dy.link/api/v1/client/subscribe?token=b4815c278417c78052a1d82844caa71f
2025-05-13 09:42:39,983 - INFO - <Response [200]>
2025-05-15 09:38:01,413 - INFO - 打开FireFly url
2025-05-15 09:38:04,132 - INFO - x7jsasmxna@176468.xyz
2025-05-15 09:38:04,425 - INFO - 输入邮箱x7jsasmxna@176468.xyz
2025-05-15 09:38:04,898 - INFO - 发送邮件
2025-05-15 09:38:04,993 - INFO - 输入密码
2025-05-15 09:38:05,019 - INFO - 再次输入密码
2025-05-15 09:38:05,019 - INFO - 等待邮件中,第00秒
2025-05-15 09:38:15,149 - INFO - 等待邮件中,第10秒
2025-05-15 09:38:25,160 - INFO - 等待邮件中,第20秒
2025-05-15 09:38:35,181 - INFO - 等待邮件中,第30秒
2025-05-15 09:38:45,211 - INFO - <class 'str'>
2025-05-15 09:38:46,460 - INFO - 连接网易服务器
2025-05-15 09:38:46,461 - INFO - 发送command命令
2025-05-15 09:38:46,946 - INFO - 登录邮箱服务器
2025-05-15 09:38:47,138 - INFO - 检查收件箱
2025-05-15 09:39:41,939 - INFO - 获取邮箱字节数据
2025-05-15 09:39:41,942 - INFO - =?utf-8?Q?FireFly=E9=82=AE=E7=AE=B1=E9=AA=8C=E8=AF=81=E7=A0=81?=
2025-05-15 09:39:41,946 - INFO - 152831
2025-05-15 09:39:41,949 - INFO - 152831
2025-05-15 09:39:42,536 - INFO - 注册
2025-05-15 09:39:43,590 - INFO - {'data': {'token': '89a530e2982307495d08d47236807f68', 'is_admin': None, 'auth_data': 'eyJ0eXAiOiJKV1QiLCJhbGciOiJIUzI1NiJ9.eyJpZCI6MzE1MjcsInNlc3Npb24iOiJhYmM3M2YzMzViODI0MmVkZDBhYmQ5OWRkYTA1MDM3NiJ9.2U-fv20TRK7AHDcl0zNci5-xzuVBeP9HbEH9xLeZzxY'}}
2025-05-15 09:39:43,590 - INFO - https://www.yhc1314dy.link/api/v1/client/subscribe?token=89a530e2982307495d08d47236807f68
2025-05-15 09:39:44,524 - INFO - <Response [200]>
2025-05-17 09:38:01,142 - INFO - 打开FireFly url
2025-05-17 09:38:03,835 - INFO - p4mps5qds4@176468.xyz
2025-05-17 09:38:04,136 - INFO - 输入邮箱p4mps5qds4@176468.xyz
2025-05-17 09:38:04,561 - INFO - 发送邮件
2025-05-17 09:38:04,631 - INFO - 输入密码
2025-05-17 09:38:04,650 - INFO - 再次输入密码
2025-05-17 09:38:04,650 - INFO - 等待邮件中,第00秒
2025-05-17 09:38:14,798 - INFO - 等待邮件中,第10秒
2025-05-17 09:38:24,925 - INFO - 等待邮件中,第20秒
2025-05-17 09:38:34,928 - INFO - 等待邮件中,第30秒
2025-05-17 09:38:45,044 - INFO - <class 'str'>
2025-05-17 09:38:46,284 - INFO - 连接网易服务器
2025-05-17 09:38:46,285 - INFO - 发送command命令
2025-05-17 09:38:46,758 - INFO - 登录邮箱服务器
2025-05-17 09:38:46,953 - INFO - 检查收件箱
2025-05-17 09:39:41,591 - INFO - 获取邮箱字节数据
2025-05-17 09:39:41,594 - INFO - =?utf-8?Q?FireFly=E9=82=AE=E7=AE=B1=E9=AA=8C=E8=AF=81=E7=A0=81?=
2025-05-17 09:39:41,596 - INFO - 625162
2025-05-17 09:39:41,598 - INFO - 625162
2025-05-17 09:39:42,116 - INFO - 注册
2025-05-17 09:39:43,699 - INFO - {'data': {'token': 'c20f48e2c2b6367835201229d2ee0e08', 'is_admin': None, 'auth_data': 'eyJ0eXAiOiJKV1QiLCJhbGciOiJIUzI1NiJ9.eyJpZCI6MzE1NTEsInNlc3Npb24iOiJlZjVkZjNiYjZkNTY3NWM0NDI5MmYyZWMzNGIzOWYzMiJ9.gtB9dFBF9iuYOSeotGXVWZUg-vy8Fh3bkeVWexi9_5Y'}}
2025-05-17 09:39:43,699 - INFO - https://www.yhc1314dy.link/api/v1/client/subscribe?token=c20f48e2c2b6367835201229d2ee0e08
2025-05-17 09:39:44,661 - INFO - <Response [200]>
2025-05-19 09:45:03,380 - INFO - 打开FireFly url
2025-05-19 09:45:06,190 - INFO - 3zfx0f3elz@176468.xyz
2025-05-19 09:45:06,419 - INFO - 输入邮箱3zfx0f3elz@176468.xyz
2025-05-19 09:45:06,883 - INFO - 发送邮件
2025-05-19 09:45:06,985 - INFO - 输入密码
2025-05-19 09:45:07,008 - INFO - 再次输入密码
2025-05-19 09:45:07,008 - INFO - 等待邮件中,第00秒
2025-05-19 09:45:17,011 - INFO - 等待邮件中,第10秒
2025-05-19 09:45:27,120 - INFO - 等待邮件中,第20秒
2025-05-19 09:45:37,254 - INFO - 等待邮件中,第30秒
2025-05-19 09:45:47,369 - INFO - <class 'str'>
2025-05-19 09:45:48,468 - INFO - 连接网易服务器
2025-05-19 09:45:48,468 - INFO - 发送command命令
2025-05-19 09:45:48,940 - INFO - 登录邮箱服务器
2025-05-19 09:45:49,139 - INFO - 检查收件箱
2025-05-19 09:46:40,375 - INFO - 获取邮箱字节数据
2025-05-19 09:46:40,378 - INFO - =?utf-8?Q?FireFly=E9=82=AE=E7=AE=B1=E9=AA=8C=E8=AF=81=E7=A0=81?=
2025-05-19 09:46:40,381 - INFO - 907725
2025-05-19 09:46:40,384 - INFO - 907725
2025-05-19 09:46:40,946 - INFO - 注册
2025-05-19 09:46:42,275 - INFO - {'data': {'token': 'c74ffe63e7a65b2f5ac4193a395ac0a9', 'is_admin': None, 'auth_data': 'eyJ0eXAiOiJKV1QiLCJhbGciOiJIUzI1NiJ9.eyJpZCI6MzE2MTksInNlc3Npb24iOiIyZTJiNDhjYWFlOTFlNWI1NjJlMGFlNzUyOWVkMGNjMyJ9.StUm5EVz3hRFkQY2ISsetzcdNv1aQSl0R3Ll623pMpo'}}
2025-05-19 09:46:42,275 - INFO - https://www.yhc1314dy.link/api/v1/client/subscribe?token=c74ffe63e7a65b2f5ac4193a395ac0a9
2025-05-19 09:46:43,240 - INFO - <Response [200]>
2025-05-21 09:41:08,075 - INFO - 打开FireFly url
2025-05-21 09:41:10,781 - INFO - bsm4y7zscz@176468.xyz
2025-05-21 09:41:11,100 - INFO - 输入邮箱bsm4y7zscz@176468.xyz
2025-05-21 09:41:11,601 - INFO - 发送邮件
2025-05-21 09:41:11,625 - INFO - 输入密码
2025-05-21 09:41:11,642 - INFO - 再次输入密码
2025-05-21 09:41:11,642 - INFO - 等待邮件中,第00秒
2025-05-21 09:41:21,691 - INFO - 等待邮件中,第10秒
2025-05-21 09:41:31,840 - INFO - 等待邮件中,第20秒
2025-05-21 09:41:41,881 - INFO - 等待邮件中,第30秒
2025-05-21 09:41:52,014 - INFO - <class 'str'>
2025-05-21 09:41:53,184 - INFO - 连接网易服务器
2025-05-21 09:41:53,184 - INFO - 发送command命令
2025-05-21 09:41:53,674 - INFO - 登录邮箱服务器
2025-05-21 09:41:53,867 - INFO - 检查收件箱
2025-05-21 09:42:42,883 - INFO - 获取邮箱字节数据
2025-05-21 09:42:42,884 - INFO - =?utf-8?Q?FireFly=E9=82=AE=E7=AE=B1=E9=AA=8C=E8=AF=81=E7=A0=81?=
2025-05-21 09:42:42,887 - INFO - 696700
2025-05-21 09:42:42,888 - INFO - 696700
2025-05-21 09:42:43,455 - INFO - 注册
2025-05-21 09:42:44,566 - INFO - {'data': {'token': '752ff584eebbeda13890f21b49d2ccc9', 'is_admin': None, 'auth_data': 'eyJ0eXAiOiJKV1QiLCJhbGciOiJIUzI1NiJ9.eyJpZCI6MzE2MzcsInNlc3Npb24iOiJjZWEzODYzMWNjZmYwYzA0ZGEyNjU1NGVmOWUxMDIyYyJ9.8c0TJ3AWkt-9s8L_-0hd0YsiGQdgrHmHeAjFgCjA0yI'}}
2025-05-21 09:42:44,566 - INFO - https://www.yhc1314dy.link/api/v1/client/subscribe?token=752ff584eebbeda13890f21b49d2ccc9
2025-05-21 09:42:45,502 - INFO - <Response [200]>
2025-05-23 09:40:25,354 - INFO - 打开FireFly url
2025-05-23 09:40:28,029 - INFO - u0qexj6gch@176468.xyz
2025-05-23 09:40:28,500 - INFO - 输入邮箱u0qexj6gch@176468.xyz
2025-05-23 09:40:29,128 - INFO - 发送邮件
2025-05-23 09:40:29,172 - INFO - 输入密码
2025-05-23 09:40:29,196 - INFO - 再次输入密码
2025-05-23 09:40:29,196 - INFO - 等待邮件中,第00秒
2025-05-23 09:40:39,211 - INFO - 等待邮件中,第10秒
2025-05-23 09:40:49,268 - INFO - 等待邮件中,第20秒
2025-05-23 09:40:59,423 - INFO - 等待邮件中,第30秒
2025-05-23 09:41:09,565 - INFO - <class 'str'>
2025-05-23 09:41:10,999 - INFO - 连接网易服务器
2025-05-23 09:41:11,000 - INFO - 发送command命令
2025-05-23 09:41:11,481 - INFO - 登录邮箱服务器
2025-05-23 09:41:11,682 - INFO - 检查收件箱
2025-05-23 09:41:58,225 - INFO - 获取邮箱字节数据
2025-05-23 09:41:58,227 - INFO - =?utf-8?Q?FireFly=E9=82=AE=E7=AE=B1=E9=AA=8C=E8=AF=81=E7=A0=81?=
2025-05-23 09:41:58,229 - INFO - 778375
2025-05-23 09:41:58,231 - INFO - 778375
2025-05-23 09:41:58,708 - INFO - 注册
2025-05-23 09:41:59,909 - INFO - {'data': {'token': '4cc33d7b54a003d18e72d3d95ae71b91', 'is_admin': None, 'auth_data': 'eyJ0eXAiOiJKV1QiLCJhbGciOiJIUzI1NiJ9.eyJpZCI6MzE2ODEsInNlc3Npb24iOiJlZTU1ZjNiZjUxNjU5MmE0MjMyMWRiODNmYzNlMzA0NiJ9.pGpAqfLa13xG2tSY30wB85Pp6eFWbKi-ckerFBCpDm4'}}
2025-05-23 09:41:59,909 - INFO - https://www.yhc1314dy.link/api/v1/client/subscribe?token=4cc33d7b54a003d18e72d3d95ae71b91
2025-05-23 09:42:01,837 - INFO - <Response [200]>
2025-05-25 09:47:58,460 - INFO - 打开FireFly url
2025-05-25 09:48:01,605 - INFO - 3v20jdtqjx@176468.xyz
2025-05-25 09:48:01,938 - INFO - 输入邮箱3v20jdtqjx@176468.xyz
2025-05-25 09:48:02,483 - INFO - 发送邮件
2025-05-25 09:48:02,506 - INFO - 输入密码
2025-05-25 09:48:02,524 - INFO - 再次输入密码
2025-05-25 09:48:02,524 - INFO - 等待邮件中,第00秒
2025-05-25 09:48:12,643 - INFO - 等待邮件中,第10秒
2025-05-25 09:48:22,644 - INFO - 等待邮件中,第20秒
2025-05-25 09:48:32,724 - INFO - 等待邮件中,第30秒
2025-05-25 09:48:42,750 - INFO - <class 'str'>
2025-05-25 09:48:44,247 - INFO - 连接网易服务器
2025-05-25 09:48:44,248 - INFO - 发送command命令
2025-05-25 09:48:44,788 - INFO - 登录邮箱服务器
2025-05-25 09:48:45,011 - INFO - 检查收件箱
2025-05-25 09:49:37,706 - INFO - 获取邮箱字节数据
2025-05-25 09:49:37,708 - INFO - =?utf-8?Q?FireFly=E9=82=AE=E7=AE=B1=E9=AA=8C=E8=AF=81=E7=A0=81?=
2025-05-25 09:49:37,710 - INFO - 322218
2025-05-25 09:49:37,712 - INFO - 322218
2025-05-25 09:49:38,170 - INFO - 注册
2025-05-25 09:49:39,206 - INFO - {'data': {'token': '1ece61ff885dc98f5fd0a73f734ad12e', 'is_admin': None, 'auth_data': 'eyJ0eXAiOiJKV1QiLCJhbGciOiJIUzI1NiJ9.eyJpZCI6MzE3MTEsInNlc3Npb24iOiJiNDM5MTg0YzFjZDdiYzQ5NTkyOThiYzcxYjlkOTdjZiJ9.421jcE_HvGjSiI8i1rJd5Ch1CrbON4l8ftL2i8tfDNg'}}
2025-05-25 09:49:39,206 - INFO - https://www.yhc1314dy.link/api/v1/client/subscribe?token=1ece61ff885dc98f5fd0a73f734ad12e
2025-05-25 09:49:40,302 - INFO - <Response [200]>
2025-05-27 09:39:43,162 - INFO - 打开FireFly url
2025-05-27 09:39:45,565 - INFO - uaae4s3ewy@176468.xyz
2025-05-27 09:39:45,713 - INFO - 输入邮箱uaae4s3ewy@176468.xyz
2025-05-27 09:39:46,334 - INFO - 发送邮件
2025-05-27 09:39:46,432 - INFO - 输入密码
2025-05-27 09:39:46,492 - INFO - 再次输入密码
2025-05-27 09:39:46,492 - INFO - 等待邮件中,第00秒
2025-05-27 09:39:56,581 - INFO - 等待邮件中,第10秒
2025-05-27 09:40:06,627 - INFO - 等待邮件中,第20秒
2025-05-27 09:40:16,723 - INFO - 等待邮件中,第30秒
2025-05-27 09:40:26,736 - INFO - <class 'str'>
2025-05-27 09:40:27,875 - INFO - 连接网易服务器
2025-05-27 09:40:27,875 - INFO - 发送command命令
2025-05-27 09:40:28,330 - INFO - 登录邮箱服务器
2025-05-27 09:40:28,505 - INFO - 检查收件箱
2025-05-27 09:41:10,643 - INFO - 获取邮箱字节数据
2025-05-27 09:41:10,647 - INFO - =?utf-8?Q?FireFly=E9=82=AE=E7=AE=B1=E9=AA=8C=E8=AF=81=E7=A0=81?=
2025-05-27 09:41:10,650 - INFO - 724157
2025-05-27 09:41:10,654 - INFO - 724157
2025-05-27 09:41:11,154 - INFO - 注册
2025-05-27 09:41:13,072 - INFO - {'data': {'token': '5fd5c79fa1cfd8753bff9b1a7b079374', 'is_admin': None, 'auth_data': 'eyJ0eXAiOiJKV1QiLCJhbGciOiJIUzI1NiJ9.eyJpZCI6MzE3MzgsInNlc3Npb24iOiJjNjE2MjA3ZjcxNzVkOGI0OGUwYmJjOWM0ZGU2M2M2NSJ9.n_osFjnZrXvYZwv0q2Yt34kq1ebo_byuMqJJZnIWPK8'}}
2025-05-27 09:41:13,072 - INFO - https://www.yhc1314dy.link/api/v1/client/subscribe?token=5fd5c79fa1cfd8753bff9b1a7b079374
2025-05-27 09:41:13,946 - INFO - <Response [200]>
2025-05-29 09:41:06,221 - INFO - 打开FireFly url
2025-05-29 09:41:09,072 - INFO - e4ww3l6h2f@176468.xyz
2025-05-29 09:41:09,455 - INFO - 输入邮箱e4ww3l6h2f@176468.xyz
2025-05-29 09:41:10,101 - INFO - 发送邮件
2025-05-29 09:41:10,167 - INFO - 输入密码
2025-05-29 09:41:10,185 - INFO - 再次输入密码
2025-05-29 09:41:10,185 - INFO - 等待邮件中,第00秒
2025-05-29 09:41:20,201 - INFO - 等待邮件中,第10秒
2025-05-29 09:41:30,341 - INFO - 等待邮件中,第20秒
2025-05-29 09:41:40,386 - INFO - 等待邮件中,第30秒
2025-05-29 09:41:50,389 - INFO - <class 'str'>
2025-05-29 09:41:51,578 - INFO - 连接网易服务器
2025-05-29 09:41:51,578 - INFO - 发送command命令
2025-05-29 09:41:52,057 - INFO - 登录邮箱服务器
2025-05-29 09:41:52,254 - INFO - 检查收件箱
2025-05-29 09:42:45,478 - INFO - 获取邮箱字节数据
2025-05-29 09:42:45,479 - INFO - =?utf-8?Q?FireFly=E9=82=AE=E7=AE=B1=E9=AA=8C=E8=AF=81=E7=A0=81?=
2025-05-29 09:42:45,482 - INFO - 658397
2025-05-29 09:42:45,484 - INFO - 658397
2025-05-29 09:42:46,020 - INFO - 注册
2025-05-29 09:42:46,990 - INFO - {'data': {'token': '122580f626a620b1e487662b6880cc4d', 'is_admin': None, 'auth_data': 'eyJ0eXAiOiJKV1QiLCJhbGciOiJIUzI1NiJ9.eyJpZCI6MzE3NjMsInNlc3Npb24iOiJjZjJlZWY2ZGM4MWNkODI2OGY0MDk5MjFiYjBjNzYzYSJ9.K59z9bKxlgZsBJ-SioQV1aJ2V3lvG80S64_BqDcGyo4'}}
2025-05-29 09:42:46,990 - INFO - https://www.yhc1314dy.link/api/v1/client/subscribe?token=122580f626a620b1e487662b6880cc4d
2025-05-29 09:42:48,548 - INFO - <Response [200]>
2025-06-03 09:42:43,983 - INFO - 打开FireFly url
2025-06-03 09:42:47,050 - INFO - gaep70vbrh@176468.xyz
2025-06-03 09:42:47,491 - INFO - 输入邮箱gaep70vbrh@176468.xyz
2025-06-03 09:42:47,986 - INFO - 发送邮件
2025-06-03 09:42:48,082 - INFO - 输入密码
2025-06-03 09:42:48,132 - INFO - 再次输入密码
2025-06-03 09:42:48,133 - INFO - 等待邮件中,第00秒
2025-06-03 09:42:58,215 - INFO - 等待邮件中,第10秒
2025-06-03 09:43:08,306 - INFO - 等待邮件中,第20秒
2025-06-03 09:43:18,465 - INFO - 等待邮件中,第30秒
2025-06-03 09:43:28,626 - INFO - <class 'str'>
2025-06-03 09:43:30,050 - INFO - 连接网易服务器
2025-06-03 09:43:30,050 - INFO - 发送command命令
2025-06-03 09:43:30,618 - INFO - 登录邮箱服务器
2025-06-03 09:43:30,848 - INFO - 检查收件箱
2025-06-03 09:44:26,186 - INFO - 获取邮箱字节数据
2025-06-03 09:44:26,187 - INFO - =?utf-8?Q?FireFly=E9=82=AE=E7=AE=B1=E9=AA=8C=E8=AF=81=E7=A0=81?=
2025-06-03 09:44:26,189 - INFO - 803921
2025-06-03 09:44:26,192 - INFO - 803921
2025-06-03 09:44:26,767 - INFO - 注册
2025-06-03 09:44:27,816 - INFO - {'data': {'token': '781b7d1268d0f986284c493393a96888', 'is_admin': None, 'auth_data': 'eyJ0eXAiOiJKV1QiLCJhbGciOiJIUzI1NiJ9.eyJpZCI6MzE4MTAsInNlc3Npb24iOiJhZTA1NGYzNDU1YTJlOWEyMGYwNzY0OGY5MDY3ZDI2YSJ9.RLjUoPtoIP0ulhc2mWuMqZ6589oeoeNQpQbAaMbq_3w'}}
2025-06-03 09:44:27,816 - INFO - https://www.yhc1314dy.link/api/v1/client/subscribe?token=781b7d1268d0f986284c493393a96888
2025-06-03 09:44:28,861 - INFO - <Response [200]>
2025-06-05 09:41:49,973 - INFO - 打开FireFly url
2025-06-05 09:41:52,931 - INFO - 0zsjch13qu@176468.xyz
2025-06-05 09:41:53,296 - INFO - 输入邮箱0zsjch13qu@176468.xyz
2025-06-05 09:41:53,867 - INFO - 发送邮件
2025-06-05 09:41:53,914 - INFO - 输入密码
2025-06-05 09:41:53,931 - INFO - 再次输入密码
2025-06-05 09:41:53,931 - INFO - 等待邮件中,第00秒
2025-06-05 09:42:04,005 - INFO - 等待邮件中,第10秒
2025-06-05 09:42:14,029 - INFO - 等待邮件中,第20秒
2025-06-05 09:42:24,130 - INFO - 等待邮件中,第30秒
2025-06-05 09:42:34,284 - INFO - <class 'str'>
2025-06-05 09:42:35,760 - INFO - 连接网易服务器
2025-06-05 09:42:35,761 - INFO - 发送command命令
2025-06-05 09:42:36,319 - INFO - 登录邮箱服务器
2025-06-05 09:42:36,556 - INFO - 检查收件箱
2025-06-05 09:43:29,636 - INFO - 获取邮箱字节数据
2025-06-05 09:43:29,638 - INFO - =?utf-8?Q?FireFly=E9=82=AE=E7=AE=B1=E9=AA=8C=E8=AF=81=E7=A0=81?=
2025-06-05 09:43:29,641 - INFO - 244070
2025-06-05 09:43:29,643 - INFO - 244070
2025-06-05 09:43:30,132 - INFO - 注册
2025-06-05 09:43:31,245 - INFO - {'data': {'token': 'dabeff5d14913ea2f9d9d1edcdb7ee0b', 'is_admin': None, 'auth_data': 'eyJ0eXAiOiJKV1QiLCJhbGciOiJIUzI1NiJ9.eyJpZCI6MzE4MzQsInNlc3Npb24iOiJlMGY4YzVlMGEwZGFjMmRiYmYxYTNmYWVjZjAzMWYzYSJ9.v2VBPIEqU8IrQFsAN9nnZ9S59GmJtwgVfE-kwnk3YAg'}}
2025-06-05 09:43:31,246 - INFO - https://www.yhc1314dy.link/api/v1/client/subscribe?token=dabeff5d14913ea2f9d9d1edcdb7ee0b
2025-06-05 09:43:32,296 - INFO - <Response [200]>
